Wed May  6 16:22:27 2026       
+-----------------------------------------------------------------------------------------+
| NVIDIA-SMI 570.148.08             Driver Version: 570.148.08     CUDA Version: 12.8     |
|-----------------------------------------+------------------------+----------------------+
| GPU  Name                 Persistence-M | Bus-Id          Disp.A | Volatile Uncorr. ECC |
| Fan  Temp   Perf          Pwr:Usage/Cap |           Memory-Usage | GPU-Util  Compute M. |
|                                         |                        |               MIG M. |
|=========================================+========================+======================|
|   0  NVIDIA A100-SXM4-40GB          On  |   00000000:46:00.0 Off |                    0 |
| N/A   30C    P0             54W /  400W |       0MiB /  40960MiB |      0%      Default |
|                                         |                        |             Disabled |
+-----------------------------------------+------------------------+----------------------+
                                                                                         
+-----------------------------------------------------------------------------------------+
| Processes:                                                                              |
|  GPU   GI   CI              PID   Type   Process name                        GPU Memory |
|        ID   ID                                                               Usage      |
|=========================================================================================|
|  No running processes found                                                             |
+-----------------------------------------------------------------------------------------+
Using device: cuda
GPU: NVIDIA A100-SXM4-40GB
Parameters: 85,875,556
Train: 49,104 images, 100 classes
Val:   5,000 images, 100 classes
Epoch: 0 | Loss: 4.7640 | Acc: 0.0114
Epoch: 1 | Loss: 4.6239 | Acc: 0.0118
Epoch: 2 | Loss: 4.5727 | Acc: 0.0120
Epoch: 3 | Loss: 4.5565 | Acc: 0.0124
Epoch: 4 | Loss: 4.5424 | Acc: 0.0126
Epoch: 5 | Loss: 4.5205 | Acc: 0.0130
Epoch: 6 | Loss: 4.4879 | Acc: 0.0132
Epoch: 7 | Loss: 4.4619 | Acc: 0.0136
Epoch: 8 | Loss: 4.4177 | Acc: 0.0146
Epoch: 9 | Loss: 4.3941 | Acc: 0.0144
Epoch: 10 | Loss: 4.3469 | Acc: 0.0144
Epoch: 11 | Loss: 4.3231 | Acc: 0.0142
Epoch: 12 | Loss: 4.2974 | Acc: 0.0142
Epoch: 13 | Loss: 4.2729 | Acc: 0.0154
Epoch: 14 | Loss: 4.2584 | Acc: 0.0160
Epoch: 15 | Loss: 4.2345 | Acc: 0.0162
Epoch: 16 | Loss: 4.2001 | Acc: 0.0182
Epoch: 17 | Loss: 4.1841 | Acc: 0.0198
Epoch: 18 | Loss: 4.1811 | Acc: 0.0212
Epoch: 19 | Loss: 4.1818 | Acc: 0.0228
Epoch: 20 | Loss: 4.1786 | Acc: 0.0232
Epoch: 21 | Loss: 4.1531 | Acc: 0.0260
Epoch: 22 | Loss: 4.1282 | Acc: 0.0276
Epoch: 23 | Loss: 4.1222 | Acc: 0.0292
Epoch: 24 | Loss: 4.1177 | Acc: 0.0318
Epoch: 25 | Loss: 4.0838 | Acc: 0.0332
Epoch: 26 | Loss: 4.0776 | Acc: 0.0348
Epoch: 27 | Loss: 4.0530 | Acc: 0.0356
Epoch: 28 | Loss: 4.0505 | Acc: 0.0374
Epoch: 29 | Loss: 4.0401 | Acc: 0.0388
Epoch: 30 | Loss: 4.0444 | Acc: 0.0400
Epoch: 31 | Loss: 4.0352 | Acc: 0.0404
Epoch: 32 | Loss: 4.0329 | Acc: 0.0418
Epoch: 33 | Loss: 4.0042 | Acc: 0.0440
Epoch: 34 | Loss: 3.9876 | Acc: 0.0454
Epoch: 35 | Loss: 3.9997 | Acc: 0.0476
Epoch: 36 | Loss: 4.0003 | Acc: 0.0490
Epoch: 37 | Loss: 3.9868 | Acc: 0.0504
Epoch: 38 | Loss: 3.9555 | Acc: 0.0524
Epoch: 39 | Loss: 3.9654 | Acc: 0.0538
Epoch: 40 | Loss: 3.9580 | Acc: 0.0542
Epoch: 41 | Loss: 3.9415 | Acc: 0.0540
Epoch: 42 | Loss: 3.9432 | Acc: 0.0564
Epoch: 43 | Loss: 3.9211 | Acc: 0.0576
Epoch: 44 | Loss: 3.8840 | Acc: 0.0588
Epoch: 45 | Loss: 3.9244 | Acc: 0.0612
Epoch: 46 | Loss: 3.9050 | Acc: 0.0624
Epoch: 47 | Loss: 3.8960 | Acc: 0.0636
Epoch: 48 | Loss: 3.8725 | Acc: 0.0648
Epoch: 49 | Loss: 3.8587 | Acc: 0.0664
Epoch: 50 | Loss: 3.8344 | Acc: 0.0670
Epoch: 51 | Loss: 3.8562 | Acc: 0.0678
Epoch: 52 | Loss: 3.8694 | Acc: 0.0670
Epoch: 53 | Loss: 3.8446 | Acc: 0.0672
Epoch: 54 | Loss: 3.8156 | Acc: 0.0684
Epoch: 55 | Loss: 3.8312 | Acc: 0.0698
Epoch: 56 | Loss: 3.7876 | Acc: 0.0700
Epoch: 57 | Loss: 3.8273 | Acc: 0.0708
Epoch: 58 | Loss: 3.8189 | Acc: 0.0718
Epoch: 59 | Loss: 3.8468 | Acc: 0.0724
Epoch: 60 | Loss: 3.8120 | Acc: 0.0736
Epoch: 61 | Loss: 3.8005 | Acc: 0.0742
Epoch: 62 | Loss: 3.7702 | Acc: 0.0752
Epoch: 63 | Loss: 3.7627 | Acc: 0.0760
Epoch: 64 | Loss: 3.7755 | Acc: 0.0766
Epoch: 65 | Loss: 3.7657 | Acc: 0.0780
Epoch: 66 | Loss: 3.7641 | Acc: 0.0800
Epoch: 67 | Loss: 3.7576 | Acc: 0.0806
Epoch: 68 | Loss: 3.7548 | Acc: 0.0812
Epoch: 69 | Loss: 3.7367 | Acc: 0.0828
Epoch: 70 | Loss: 3.7457 | Acc: 0.0836
Epoch: 71 | Loss: 3.7184 | Acc: 0.0854
Epoch: 72 | Loss: 3.7338 | Acc: 0.0862
Epoch: 73 | Loss: 3.7480 | Acc: 0.0866
Epoch: 74 | Loss: 3.7171 | Acc: 0.0890
Epoch: 75 | Loss: 3.7189 | Acc: 0.0900
Epoch: 76 | Loss: 3.7072 | Acc: 0.0920
Epoch: 77 | Loss: 3.6827 | Acc: 0.0918
Epoch: 78 | Loss: 3.7128 | Acc: 0.0934
Epoch: 79 | Loss: 3.7089 | Acc: 0.0952
Epoch: 80 | Loss: 3.6596 | Acc: 0.0972
Epoch: 81 | Loss: 3.6858 | Acc: 0.0978
Epoch: 82 | Loss: 3.6550 | Acc: 0.0988
Epoch: 83 | Loss: 3.6291 | Acc: 0.1006
Epoch: 84 | Loss: 3.5977 | Acc: 0.1016
Epoch: 85 | Loss: 3.6556 | Acc: 0.1024
Epoch: 86 | Loss: 3.6554 | Acc: 0.1036
Epoch: 87 | Loss: 3.6523 | Acc: 0.1054
Epoch: 88 | Loss: 3.6372 | Acc: 0.1068
Epoch: 89 | Loss: 3.6406 | Acc: 0.1084
Epoch: 90 | Loss: 3.6364 | Acc: 0.1100
Epoch: 91 | Loss: 3.6064 | Acc: 0.1126
Epoch: 92 | Loss: 3.5861 | Acc: 0.1126
Epoch: 93 | Loss: 3.5891 | Acc: 0.1134
Epoch: 94 | Loss: 3.5902 | Acc: 0.1148
Epoch: 95 | Loss: 3.5927 | Acc: 0.1158
Epoch: 96 | Loss: 3.6371 | Acc: 0.1166
Epoch: 97 | Loss: 3.5749 | Acc: 0.1182
Epoch: 98 | Loss: 3.5630 | Acc: 0.1200
Epoch: 99 | Loss: 3.5739 | Acc: 0.1222
Epoch: 100 | Loss: 3.5960 | Acc: 0.1232
Epoch: 101 | Loss: 3.5415 | Acc: 0.1244
Epoch: 102 | Loss: 3.5401 | Acc: 0.1248
Epoch: 103 | Loss: 3.5355 | Acc: 0.1248
Epoch: 104 | Loss: 3.5474 | Acc: 0.1268
Epoch: 105 | Loss: 3.4951 | Acc: 0.1280
Epoch: 106 | Loss: 3.5368 | Acc: 0.1282
Epoch: 107 | Loss: 3.5166 | Acc: 0.1286
Epoch: 108 | Loss: 3.5330 | Acc: 0.1292
Epoch: 109 | Loss: 3.4996 | Acc: 0.1312
Epoch: 110 | Loss: 3.4933 | Acc: 0.1328
Epoch: 111 | Loss: 3.5159 | Acc: 0.1344
Epoch: 112 | Loss: 3.5149 | Acc: 0.1350
Epoch: 113 | Loss: 3.5170 | Acc: 0.1356
Epoch: 114 | Loss: 3.5061 | Acc: 0.1358
Epoch: 115 | Loss: 3.4826 | Acc: 0.1374
Epoch: 116 | Loss: 3.4893 | Acc: 0.1390
Epoch: 117 | Loss: 3.4612 | Acc: 0.1404
Epoch: 118 | Loss: 3.4182 | Acc: 0.1418
Epoch: 119 | Loss: 3.4822 | Acc: 0.1436
Epoch: 120 | Loss: 3.4616 | Acc: 0.1454
Epoch: 121 | Loss: 3.4573 | Acc: 0.1472
Epoch: 122 | Loss: 3.4363 | Acc: 0.1494
Epoch: 123 | Loss: 3.4318 | Acc: 0.1502
Epoch: 124 | Loss: 3.4466 | Acc: 0.1514
Epoch: 125 | Loss: 3.4442 | Acc: 0.1526
Epoch: 126 | Loss: 3.4351 | Acc: 0.1542
Epoch: 127 | Loss: 3.4286 | Acc: 0.1550
Epoch: 128 | Loss: 3.4066 | Acc: 0.1570
Epoch: 129 | Loss: 3.4002 | Acc: 0.1586
Epoch: 130 | Loss: 3.4312 | Acc: 0.1604
Epoch: 131 | Loss: 3.4036 | Acc: 0.1620
Epoch: 132 | Loss: 3.4285 | Acc: 0.1634
Epoch: 133 | Loss: 3.3668 | Acc: 0.1646
Epoch: 134 | Loss: 3.3977 | Acc: 0.1666
Epoch: 135 | Loss: 3.3933 | Acc: 0.1676
Epoch: 136 | Loss: 3.3496 | Acc: 0.1688
Epoch: 137 | Loss: 3.3232 | Acc: 0.1702
Epoch: 138 | Loss: 3.3813 | Acc: 0.1710
Epoch: 139 | Loss: 3.3896 | Acc: 0.1716
Epoch: 140 | Loss: 3.3589 | Acc: 0.1736
Epoch: 141 | Loss: 3.4174 | Acc: 0.1748
Epoch: 142 | Loss: 3.4002 | Acc: 0.1766
Epoch: 143 | Loss: 3.3137 | Acc: 0.1776
Epoch: 144 | Loss: 3.3739 | Acc: 0.1792
Epoch: 145 | Loss: 3.3663 | Acc: 0.1806
Epoch: 146 | Loss: 3.3270 | Acc: 0.1818
Epoch: 147 | Loss: 3.3352 | Acc: 0.1822
Epoch: 148 | Loss: 3.3197 | Acc: 0.1834
Epoch: 149 | Loss: 3.2756 | Acc: 0.1852
Epoch: 150 | Loss: 3.3158 | Acc: 0.1878
Epoch: 151 | Loss: 3.3082 | Acc: 0.1900
Epoch: 152 | Loss: 3.2793 | Acc: 0.1914
Epoch: 153 | Loss: 3.3077 | Acc: 0.1936
Epoch: 154 | Loss: 3.3070 | Acc: 0.1960
Epoch: 155 | Loss: 3.2814 | Acc: 0.1974
Epoch: 156 | Loss: 3.2453 | Acc: 0.1980
Epoch: 157 | Loss: 3.2696 | Acc: 0.1994
Epoch: 158 | Loss: 3.2799 | Acc: 0.2026
Epoch: 159 | Loss: 3.2728 | Acc: 0.2050
Epoch: 160 | Loss: 3.3095 | Acc: 0.2068
Epoch: 161 | Loss: 3.2526 | Acc: 0.2076
Epoch: 162 | Loss: 3.2511 | Acc: 0.2084
Epoch: 163 | Loss: 3.2660 | Acc: 0.2096
Epoch: 164 | Loss: 3.2245 | Acc: 0.2116
Epoch: 165 | Loss: 3.2517 | Acc: 0.2134
Epoch: 166 | Loss: 3.2364 | Acc: 0.2140
Epoch: 167 | Loss: 3.2642 | Acc: 0.2162
Epoch: 168 | Loss: 3.2421 | Acc: 0.2178
Epoch: 169 | Loss: 3.2685 | Acc: 0.2192
Epoch: 170 | Loss: 3.2456 | Acc: 0.2212
Epoch: 171 | Loss: 3.2503 | Acc: 0.2226
Epoch: 172 | Loss: 3.2154 | Acc: 0.2238
Epoch: 173 | Loss: 3.2297 | Acc: 0.2256
Epoch: 174 | Loss: 3.2001 | Acc: 0.2262
Epoch: 175 | Loss: 3.2096 | Acc: 0.2274
Epoch: 176 | Loss: 3.2225 | Acc: 0.2280
Epoch: 177 | Loss: 3.2089 | Acc: 0.2300
Epoch: 178 | Loss: 3.2237 | Acc: 0.2318
Epoch: 179 | Loss: 3.1857 | Acc: 0.2332
Epoch: 180 | Loss: 3.1968 | Acc: 0.2350
Epoch: 181 | Loss: 3.2111 | Acc: 0.2366
Epoch: 182 | Loss: 3.1821 | Acc: 0.2396
Epoch: 183 | Loss: 3.1975 | Acc: 0.2402
Epoch: 184 | Loss: 3.1703 | Acc: 0.2422
Epoch: 185 | Loss: 3.1081 | Acc: 0.2436
Epoch: 186 | Loss: 3.1971 | Acc: 0.2458
Epoch: 187 | Loss: 3.1464 | Acc: 0.2482
Epoch: 188 | Loss: 3.1585 | Acc: 0.2498
Epoch: 189 | Loss: 3.1678 | Acc: 0.2520
Epoch: 190 | Loss: 3.1427 | Acc: 0.2536
Epoch: 191 | Loss: 3.1784 | Acc: 0.2550
Epoch: 192 | Loss: 3.1737 | Acc: 0.2570
Epoch: 193 | Loss: 3.1550 | Acc: 0.2586
Epoch: 194 | Loss: 3.1448 | Acc: 0.2596
Epoch: 195 | Loss: 3.0917 | Acc: 0.2634
Epoch: 196 | Loss: 3.1253 | Acc: 0.2656
Epoch: 197 | Loss: 3.1630 | Acc: 0.2672
Epoch: 198 | Loss: 3.1196 | Acc: 0.2690
Epoch: 199 | Loss: 3.1719 | Acc: 0.2708
Epoch: 200 | Loss: 3.1150 | Acc: 0.2720
Epoch: 201 | Loss: 3.1250 | Acc: 0.2740
Epoch: 202 | Loss: 3.1289 | Acc: 0.2764
Epoch: 203 | Loss: 3.1309 | Acc: 0.2790
Epoch: 204 | Loss: 3.1299 | Acc: 0.2804
Epoch: 205 | Loss: 3.0991 | Acc: 0.2822
Epoch: 206 | Loss: 3.0787 | Acc: 0.2850
Epoch: 207 | Loss: 3.1387 | Acc: 0.2874
Epoch: 208 | Loss: 3.1378 | Acc: 0.2890
Epoch: 209 | Loss: 3.1029 | Acc: 0.2902
Epoch: 210 | Loss: 3.1123 | Acc: 0.2916
Epoch: 211 | Loss: 3.1232 | Acc: 0.2922
Epoch: 212 | Loss: 3.0843 | Acc: 0.2938
Epoch: 213 | Loss: 3.0696 | Acc: 0.2954
Epoch: 214 | Loss: 3.0995 | Acc: 0.2970
Epoch: 215 | Loss: 3.1094 | Acc: 0.2990
Epoch: 216 | Loss: 3.0599 | Acc: 0.3002
Epoch: 217 | Loss: 3.0593 | Acc: 0.3022
Epoch: 218 | Loss: 3.0857 | Acc: 0.3032
Epoch: 219 | Loss: 3.0724 | Acc: 0.3062
Epoch: 220 | Loss: 3.0830 | Acc: 0.3088
Epoch: 221 | Loss: 3.1203 | Acc: 0.3102
Epoch: 222 | Loss: 3.0998 | Acc: 0.3128
Epoch: 223 | Loss: 3.0251 | Acc: 0.3156
Epoch: 224 | Loss: 3.0951 | Acc: 0.3174
Epoch: 225 | Loss: 3.0653 | Acc: 0.3190
Epoch: 226 | Loss: 3.0442 | Acc: 0.3192
Epoch: 227 | Loss: 3.0031 | Acc: 0.3202
Epoch: 228 | Loss: 3.0615 | Acc: 0.3222
Epoch: 229 | Loss: 3.0351 | Acc: 0.3246
Epoch: 230 | Loss: 3.0286 | Acc: 0.3266
Epoch: 231 | Loss: 3.0609 | Acc: 0.3286
Epoch: 232 | Loss: 3.0473 | Acc: 0.3298
Epoch: 233 | Loss: 3.0631 | Acc: 0.3314
Epoch: 234 | Loss: 3.0020 | Acc: 0.3338
Epoch: 235 | Loss: 3.0357 | Acc: 0.3356
Epoch: 236 | Loss: 3.0277 | Acc: 0.3374
Epoch: 237 | Loss: 3.0046 | Acc: 0.3384
Epoch: 238 | Loss: 3.0775 | Acc: 0.3404
Epoch: 239 | Loss: 3.0120 | Acc: 0.3422
Epoch: 240 | Loss: 3.0288 | Acc: 0.3438
Epoch: 241 | Loss: 2.9890 | Acc: 0.3462
Epoch: 242 | Loss: 3.0614 | Acc: 0.3486
Epoch: 243 | Loss: 3.0246 | Acc: 0.3510
Epoch: 244 | Loss: 2.9731 | Acc: 0.3526
Epoch: 245 | Loss: 2.9889 | Acc: 0.3544
Epoch: 246 | Loss: 3.0191 | Acc: 0.3558
Epoch: 247 | Loss: 2.9940 | Acc: 0.3576
Epoch: 248 | Loss: 3.0068 | Acc: 0.3588
Epoch: 249 | Loss: 2.9903 | Acc: 0.3598
Epoch: 250 | Loss: 3.0176 | Acc: 0.3612
Epoch: 251 | Loss: 3.0161 | Acc: 0.3626
Epoch: 252 | Loss: 2.9998 | Acc: 0.3638
Epoch: 253 | Loss: 3.0471 | Acc: 0.3652
Epoch: 254 | Loss: 3.0122 | Acc: 0.3672
Epoch: 255 | Loss: 2.9408 | Acc: 0.3692
Epoch: 256 | Loss: 2.9585 | Acc: 0.3716
Epoch: 257 | Loss: 2.9742 | Acc: 0.3734
Epoch: 258 | Loss: 2.9977 | Acc: 0.3744
Epoch: 259 | Loss: 3.0186 | Acc: 0.3764
Epoch: 260 | Loss: 2.9751 | Acc: 0.3784
Epoch: 261 | Loss: 3.0526 | Acc: 0.3796
Epoch: 262 | Loss: 3.0305 | Acc: 0.3818
Epoch: 263 | Loss: 3.0028 | Acc: 0.3842
Epoch: 264 | Loss: 2.9845 | Acc: 0.3860
Epoch: 265 | Loss: 2.9595 | Acc: 0.3876
Epoch: 266 | Loss: 2.9369 | Acc: 0.3888
Epoch: 267 | Loss: 2.9764 | Acc: 0.3900
Epoch: 268 | Loss: 2.9793 | Acc: 0.3918
Epoch: 269 | Loss: 2.9840 | Acc: 0.3946
Epoch: 270 | Loss: 2.9597 | Acc: 0.3960
Epoch: 271 | Loss: 2.9871 | Acc: 0.3978
Epoch: 272 | Loss: 2.9784 | Acc: 0.4002
Epoch: 273 | Loss: 2.9995 | Acc: 0.4024
Epoch: 274 | Loss: 2.9819 | Acc: 0.4034
Epoch: 275 | Loss: 2.9900 | Acc: 0.4058
Epoch: 276 | Loss: 2.9389 | Acc: 0.4084
Epoch: 277 | Loss: 2.9830 | Acc: 0.4098
Epoch: 278 | Loss: 3.0363 | Acc: 0.4114
Epoch: 279 | Loss: 2.9868 | Acc: 0.4124
Epoch: 280 | Loss: 2.9655 | Acc: 0.4140
Epoch: 281 | Loss: 3.0033 | Acc: 0.4152
Epoch: 282 | Loss: 2.9839 | Acc: 0.4182
Epoch: 283 | Loss: 2.9269 | Acc: 0.4200
Epoch: 284 | Loss: 2.9329 | Acc: 0.4218
Epoch: 285 | Loss: 2.9957 | Acc: 0.4240
Epoch: 286 | Loss: 2.9833 | Acc: 0.4264
Epoch: 287 | Loss: 2.9575 | Acc: 0.4278
Epoch: 288 | Loss: 2.9706 | Acc: 0.4302
Epoch: 289 | Loss: 3.0283 | Acc: 0.4324
Epoch: 290 | Loss: 3.0226 | Acc: 0.4340
Epoch: 291 | Loss: 2.9935 | Acc: 0.4376
Epoch: 292 | Loss: 2.9531 | Acc: 0.4396
Epoch: 293 | Loss: 2.9598 | Acc: 0.4418
Epoch: 294 | Loss: 2.9420 | Acc: 0.4428
Epoch: 295 | Loss: 2.9546 | Acc: 0.4450
Epoch: 296 | Loss: 2.9839 | Acc: 0.4462
Epoch: 297 | Loss: 2.9961 | Acc: 0.4480
Epoch: 298 | Loss: 2.9885 | Acc: 0.4500
Epoch: 299 | Loss: 2.9609 | Acc: 0.4520
Saved model to vit-b.pt
