Wed Apr 22 22:48:57 2026       
+-----------------------------------------------------------------------------------------+
| NVIDIA-SMI 570.148.08             Driver Version: 570.148.08     CUDA Version: 12.8     |
|-----------------------------------------+------------------------+----------------------+
| GPU  Name                 Persistence-M | Bus-Id          Disp.A | Volatile Uncorr. ECC |
| Fan  Temp   Perf          Pwr:Usage/Cap |           Memory-Usage | GPU-Util  Compute M. |
|                                         |                        |               MIG M. |
|=========================================+========================+======================|
|   0  NVIDIA A100-SXM4-40GB          On  |   00000000:85:00.0 Off |                    0 |
| N/A   29C    P0             51W /  400W |       0MiB /  40960MiB |      0%      Default |
|                                         |                        |             Disabled |
+-----------------------------------------+------------------------+----------------------+
                                                                                         
+-----------------------------------------------------------------------------------------+
| Processes:                                                                              |
|  GPU   GI   CI              PID   Type   Process name                        GPU Memory |
|        ID   ID                                                               Usage      |
|=========================================================================================|
|  No running processes found                                                             |
+-----------------------------------------------------------------------------------------+
Training
Epoch   1/100 | Train Loss: 0.595 | Time: 31.0s
Epoch   2/100 | Train Loss: 0.408 | Time: 29.4s
Epoch   3/100 | Train Loss: 0.356 | Time: 29.4s
Epoch   4/100 | Train Loss: 0.335 | Time: 29.4s
Epoch   5/100 | Train Loss: 0.325 | Time: 29.4s
Epoch   6/100 | Train Loss: 0.317 | Time: 29.4s
Epoch   7/100 | Train Loss: 0.313 | Time: 29.5s
Epoch   8/100 | Train Loss: 0.308 | Time: 29.4s
Epoch   9/100 | Train Loss: 0.305 | Time: 29.4s
Epoch  10/100 | Train Loss: 0.302 | Time: 29.4s
Epoch  11/100 | Train Loss: 0.300 | Time: 29.4s
Epoch  12/100 | Train Loss: 0.297 | Time: 29.4s
Epoch  13/100 | Train Loss: 0.295 | Time: 29.4s
Epoch  14/100 | Train Loss: 0.292 | Time: 29.4s
Epoch  15/100 | Train Loss: 0.291 | Time: 29.4s
Epoch  16/100 | Train Loss: 0.291 | Time: 29.4s
Epoch  17/100 | Train Loss: 0.289 | Time: 29.4s
Epoch  18/100 | Train Loss: 0.288 | Time: 29.4s
Epoch  19/100 | Train Loss: 0.286 | Time: 29.4s
Epoch  20/100 | Train Loss: 0.286 | Time: 29.4s
Epoch  21/100 | Train Loss: 0.285 | Time: 29.4s
Epoch  22/100 | Train Loss: 0.283 | Time: 29.4s
Epoch  23/100 | Train Loss: 0.282 | Time: 29.5s
Epoch  24/100 | Train Loss: 0.281 | Time: 29.4s
Epoch  25/100 | Train Loss: 0.281 | Time: 29.4s
Epoch  26/100 | Train Loss: 0.279 | Time: 29.4s
Epoch  27/100 | Train Loss: 0.280 | Time: 29.4s
Epoch  28/100 | Train Loss: 0.279 | Time: 29.4s
Epoch  29/100 | Train Loss: 0.277 | Time: 29.5s
Epoch  30/100 | Train Loss: 0.277 | Time: 29.5s
Epoch  31/100 | Train Loss: 0.276 | Time: 29.4s
Epoch  32/100 | Train Loss: 0.275 | Time: 29.4s
Epoch  33/100 | Train Loss: 0.274 | Time: 29.5s
Epoch  34/100 | Train Loss: 0.275 | Time: 29.4s
Epoch  35/100 | Train Loss: 0.274 | Time: 29.4s
Epoch  36/100 | Train Loss: 0.273 | Time: 29.4s
Epoch  37/100 | Train Loss: 0.273 | Time: 29.4s
Epoch  38/100 | Train Loss: 0.272 | Time: 29.4s
Epoch  39/100 | Train Loss: 0.271 | Time: 29.4s
Epoch  40/100 | Train Loss: 0.270 | Time: 29.4s
Epoch  41/100 | Train Loss: 0.270 | Time: 29.4s
Epoch  42/100 | Train Loss: 0.269 | Time: 29.5s
Epoch  43/100 | Train Loss: 0.268 | Time: 29.4s
Epoch  44/100 | Train Loss: 0.268 | Time: 29.4s
Epoch  45/100 | Train Loss: 0.268 | Time: 29.4s
Epoch  46/100 | Train Loss: 0.268 | Time: 29.5s
Epoch  47/100 | Train Loss: 0.267 | Time: 29.4s
Epoch  48/100 | Train Loss: 0.266 | Time: 29.4s
Epoch  49/100 | Train Loss: 0.266 | Time: 29.4s
Epoch  50/100 | Train Loss: 0.265 | Time: 29.4s
Epoch  51/100 | Train Loss: 0.265 | Time: 29.4s
Epoch  52/100 | Train Loss: 0.265 | Time: 29.4s
Epoch  53/100 | Train Loss: 0.265 | Time: 29.4s
Epoch  54/100 | Train Loss: 0.264 | Time: 29.4s
Epoch  55/100 | Train Loss: 0.264 | Time: 29.4s
Epoch  56/100 | Train Loss: 0.262 | Time: 29.4s
Epoch  57/100 | Train Loss: 0.262 | Time: 29.4s
Epoch  58/100 | Train Loss: 0.262 | Time: 29.4s
Epoch  59/100 | Train Loss: 0.262 | Time: 29.4s
Epoch  60/100 | Train Loss: 0.261 | Time: 29.4s
Epoch  61/100 | Train Loss: 0.261 | Time: 29.4s
Epoch  62/100 | Train Loss: 0.260 | Time: 29.4s
Epoch  63/100 | Train Loss: 0.260 | Time: 29.4s
Epoch  64/100 | Train Loss: 0.260 | Time: 29.4s
Epoch  65/100 | Train Loss: 0.259 | Time: 29.4s
Epoch  66/100 | Train Loss: 0.259 | Time: 29.4s
Epoch  67/100 | Train Loss: 0.259 | Time: 29.4s
Epoch  68/100 | Train Loss: 0.259 | Time: 29.4s
Epoch  69/100 | Train Loss: 0.259 | Time: 29.4s
Epoch  70/100 | Train Loss: 0.258 | Time: 29.4s
Epoch  71/100 | Train Loss: 0.258 | Time: 29.4s
Epoch  72/100 | Train Loss: 0.258 | Time: 29.4s
Epoch  73/100 | Train Loss: 0.257 | Time: 29.4s
Epoch  74/100 | Train Loss: 0.257 | Time: 29.4s
Epoch  75/100 | Train Loss: 0.257 | Time: 29.4s
Epoch  76/100 | Train Loss: 0.256 | Time: 29.4s
Epoch  77/100 | Train Loss: 0.256 | Time: 29.4s
Epoch  78/100 | Train Loss: 0.256 | Time: 29.4s
Epoch  79/100 | Train Loss: 0.256 | Time: 29.4s
Epoch  80/100 | Train Loss: 0.255 | Time: 29.4s
Epoch  81/100 | Train Loss: 0.255 | Time: 29.4s
