Fri May  8 00:06:56 2026       
+-----------------------------------------------------------------------------------------+
| NVIDIA-SMI 570.148.08             Driver Version: 570.148.08     CUDA Version: 12.8     |
|-----------------------------------------+------------------------+----------------------+
| GPU  Name                 Persistence-M | Bus-Id          Disp.A | Volatile Uncorr. ECC |
| Fan  Temp   Perf          Pwr:Usage/Cap |           Memory-Usage | GPU-Util  Compute M. |
|                                         |                        |               MIG M. |
|=========================================+========================+======================|
|   0  NVIDIA A100-SXM4-40GB          On  |   00000000:46:00.0 Off |                    0 |
| N/A   30C    P0             53W /  400W |       0MiB /  40960MiB |      0%      Default |
|                                         |                        |             Disabled |
+-----------------------------------------+------------------------+----------------------+
                                                                                         
+-----------------------------------------------------------------------------------------+
| Processes:                                                                              |
|  GPU   GI   CI              PID   Type   Process name                        GPU Memory |
|        ID   ID                                                               Usage      |
|=========================================================================================|
|  No running processes found                                                             |
+-----------------------------------------------------------------------------------------+
Using device: cuda
GPU: NVIDIA A100-SXM4-40GB
Parameters: 85,875,556
Train: 49,104 images, 100 classes
Val:   5,000 images, 100 classes
Epoch: 0 | Loss: 4.7719 | Acc: 0.0098
Epoch: 1 | Loss: 4.6855 | Acc: 0.0096
Epoch: 2 | Loss: 4.6198 | Acc: 0.0098
Epoch: 3 | Loss: 4.5878 | Acc: 0.0102
Epoch: 4 | Loss: 4.5693 | Acc: 0.0102
Epoch: 5 | Loss: 4.5586 | Acc: 0.0104
Epoch: 6 | Loss: 4.5514 | Acc: 0.0106
Epoch: 7 | Loss: 4.5387 | Acc: 0.0108
Epoch: 8 | Loss: 4.5264 | Acc: 0.0110
Epoch: 9 | Loss: 4.5149 | Acc: 0.0114
Epoch: 10 | Loss: 4.4921 | Acc: 0.0118
Epoch: 11 | Loss: 4.4769 | Acc: 0.0128
Epoch: 12 | Loss: 4.4582 | Acc: 0.0134
Epoch: 13 | Loss: 4.4373 | Acc: 0.0132
Epoch: 14 | Loss: 4.4219 | Acc: 0.0136
Epoch: 15 | Loss: 4.3974 | Acc: 0.0136
Epoch: 16 | Loss: 4.3747 | Acc: 0.0148
Epoch: 17 | Loss: 4.3613 | Acc: 0.0148
Epoch: 18 | Loss: 4.3344 | Acc: 0.0154
Epoch: 19 | Loss: 4.3091 | Acc: 0.0158
Epoch: 20 | Loss: 4.2971 | Acc: 0.0174
Epoch: 21 | Loss: 4.2789 | Acc: 0.0184
Epoch: 22 | Loss: 4.2579 | Acc: 0.0190
Epoch: 23 | Loss: 4.2462 | Acc: 0.0196
Epoch: 24 | Loss: 4.2554 | Acc: 0.0208
Epoch: 25 | Loss: 4.2411 | Acc: 0.0214
Epoch: 26 | Loss: 4.2377 | Acc: 0.0214
Epoch: 27 | Loss: 4.2143 | Acc: 0.0226
Epoch: 28 | Loss: 4.2059 | Acc: 0.0232
Epoch: 29 | Loss: 4.1946 | Acc: 0.0242
Epoch: 30 | Loss: 4.1808 | Acc: 0.0244
Epoch: 31 | Loss: 4.1902 | Acc: 0.0264
Epoch: 32 | Loss: 4.1627 | Acc: 0.0270
Epoch: 33 | Loss: 4.1471 | Acc: 0.0278
Epoch: 34 | Loss: 4.1441 | Acc: 0.0292
Epoch: 35 | Loss: 4.1241 | Acc: 0.0304
Epoch: 36 | Loss: 4.1046 | Acc: 0.0326
Epoch: 37 | Loss: 4.1398 | Acc: 0.0336
Epoch: 38 | Loss: 4.1088 | Acc: 0.0354
Epoch: 39 | Loss: 4.0885 | Acc: 0.0356
Epoch: 40 | Loss: 4.0947 | Acc: 0.0370
Epoch: 41 | Loss: 4.1129 | Acc: 0.0384
Epoch: 42 | Loss: 4.0701 | Acc: 0.0402
Epoch: 43 | Loss: 4.0631 | Acc: 0.0412
Epoch: 44 | Loss: 4.0730 | Acc: 0.0440
Epoch: 45 | Loss: 4.0559 | Acc: 0.0466
Epoch: 46 | Loss: 4.0733 | Acc: 0.0482
Epoch: 47 | Loss: 4.0450 | Acc: 0.0502
Epoch: 48 | Loss: 4.0337 | Acc: 0.0528
Epoch: 49 | Loss: 4.0340 | Acc: 0.0538
Epoch: 50 | Loss: 4.0516 | Acc: 0.0546
Epoch: 51 | Loss: 4.0186 | Acc: 0.0560
Epoch: 52 | Loss: 4.0229 | Acc: 0.0560
Epoch: 53 | Loss: 4.0265 | Acc: 0.0584
Epoch: 54 | Loss: 3.9889 | Acc: 0.0580
Epoch: 55 | Loss: 3.9921 | Acc: 0.0602
Epoch: 56 | Loss: 3.9899 | Acc: 0.0618
Epoch: 57 | Loss: 3.9634 | Acc: 0.0634
Epoch: 58 | Loss: 3.9501 | Acc: 0.0654
Epoch: 59 | Loss: 3.9416 | Acc: 0.0674
Epoch: 60 | Loss: 3.9758 | Acc: 0.0688
Epoch: 61 | Loss: 3.9505 | Acc: 0.0702
Epoch: 62 | Loss: 3.9412 | Acc: 0.0710
Epoch: 63 | Loss: 3.9439 | Acc: 0.0716
Epoch: 64 | Loss: 3.9348 | Acc: 0.0746
Epoch: 65 | Loss: 3.9219 | Acc: 0.0756
Epoch: 66 | Loss: 3.9058 | Acc: 0.0774
Epoch: 67 | Loss: 3.9232 | Acc: 0.0776
Epoch: 68 | Loss: 3.8924 | Acc: 0.0804
Epoch: 69 | Loss: 3.9221 | Acc: 0.0812
Epoch: 70 | Loss: 3.8918 | Acc: 0.0826
Epoch: 71 | Loss: 3.8897 | Acc: 0.0848
Epoch: 72 | Loss: 3.8688 | Acc: 0.0854
Epoch: 73 | Loss: 3.9093 | Acc: 0.0870
Epoch: 74 | Loss: 3.8534 | Acc: 0.0872
Epoch: 75 | Loss: 3.8476 | Acc: 0.0886
Epoch: 76 | Loss: 3.8646 | Acc: 0.0886
Epoch: 77 | Loss: 3.8411 | Acc: 0.0892
Epoch: 78 | Loss: 3.8270 | Acc: 0.0898
Epoch: 79 | Loss: 3.8302 | Acc: 0.0910
Epoch: 80 | Loss: 3.8451 | Acc: 0.0916
Epoch: 81 | Loss: 3.8293 | Acc: 0.0940
Epoch: 82 | Loss: 3.8375 | Acc: 0.0952
Epoch: 83 | Loss: 3.7796 | Acc: 0.0960
Epoch: 84 | Loss: 3.8190 | Acc: 0.0952
Epoch: 85 | Loss: 3.7952 | Acc: 0.0960
Epoch: 86 | Loss: 3.8139 | Acc: 0.0952
Epoch: 87 | Loss: 3.8120 | Acc: 0.0960
Epoch: 88 | Loss: 3.7703 | Acc: 0.0956
Epoch: 89 | Loss: 3.7761 | Acc: 0.0976
Epoch: 90 | Loss: 3.7816 | Acc: 0.0984
Epoch: 91 | Loss: 3.7989 | Acc: 0.0994
Epoch: 92 | Loss: 3.7568 | Acc: 0.0998
Epoch: 93 | Loss: 3.7723 | Acc: 0.1010
Epoch: 94 | Loss: 3.7287 | Acc: 0.1016
Epoch: 95 | Loss: 3.7446 | Acc: 0.1018
Epoch: 96 | Loss: 3.7419 | Acc: 0.1026
Epoch: 97 | Loss: 3.7289 | Acc: 0.1050
Epoch: 98 | Loss: 3.7449 | Acc: 0.1054
Epoch: 99 | Loss: 3.7372 | Acc: 0.1060
Epoch: 100 | Loss: 3.6986 | Acc: 0.1066
Epoch: 101 | Loss: 3.7316 | Acc: 0.1086
Epoch: 102 | Loss: 3.6978 | Acc: 0.1104
Epoch: 103 | Loss: 3.7282 | Acc: 0.1102
Epoch: 104 | Loss: 3.7288 | Acc: 0.1108
Epoch: 105 | Loss: 3.6808 | Acc: 0.1118
Epoch: 106 | Loss: 3.6915 | Acc: 0.1126
Epoch: 107 | Loss: 3.7411 | Acc: 0.1138
Epoch: 108 | Loss: 3.7021 | Acc: 0.1150
Epoch: 109 | Loss: 3.6717 | Acc: 0.1154
Epoch: 110 | Loss: 3.6626 | Acc: 0.1186
Epoch: 111 | Loss: 3.6872 | Acc: 0.1196
Epoch: 112 | Loss: 3.6754 | Acc: 0.1214
Epoch: 113 | Loss: 3.6669 | Acc: 0.1216
Epoch: 114 | Loss: 3.6105 | Acc: 0.1230
Epoch: 115 | Loss: 3.6414 | Acc: 0.1242
Epoch: 116 | Loss: 3.6122 | Acc: 0.1256
Epoch: 117 | Loss: 3.6456 | Acc: 0.1276
Epoch: 118 | Loss: 3.6218 | Acc: 0.1288
Epoch: 119 | Loss: 3.5838 | Acc: 0.1296
Epoch: 120 | Loss: 3.6584 | Acc: 0.1298
Epoch: 121 | Loss: 3.5965 | Acc: 0.1310
Epoch: 122 | Loss: 3.6123 | Acc: 0.1322
Epoch: 123 | Loss: 3.6019 | Acc: 0.1334
Epoch: 124 | Loss: 3.6365 | Acc: 0.1344
Epoch: 125 | Loss: 3.6077 | Acc: 0.1364
Epoch: 126 | Loss: 3.5788 | Acc: 0.1378
Epoch: 127 | Loss: 3.6005 | Acc: 0.1390
Epoch: 128 | Loss: 3.5481 | Acc: 0.1412
Epoch: 129 | Loss: 3.5609 | Acc: 0.1426
Epoch: 130 | Loss: 3.5922 | Acc: 0.1438
Epoch: 131 | Loss: 3.5851 | Acc: 0.1456
Epoch: 132 | Loss: 3.5820 | Acc: 0.1476
Epoch: 133 | Loss: 3.5471 | Acc: 0.1492
Epoch: 134 | Loss: 3.5663 | Acc: 0.1504
Epoch: 135 | Loss: 3.5832 | Acc: 0.1512
Epoch: 136 | Loss: 3.5426 | Acc: 0.1532
Epoch: 137 | Loss: 3.5411 | Acc: 0.1548
Epoch: 138 | Loss: 3.5306 | Acc: 0.1560
Epoch: 139 | Loss: 3.5571 | Acc: 0.1570
Epoch: 140 | Loss: 3.5521 | Acc: 0.1582
Epoch: 141 | Loss: 3.5576 | Acc: 0.1598
Epoch: 142 | Loss: 3.5348 | Acc: 0.1610
Epoch: 143 | Loss: 3.4745 | Acc: 0.1618
Epoch: 144 | Loss: 3.5071 | Acc: 0.1636
Epoch: 145 | Loss: 3.5297 | Acc: 0.1648
Epoch: 146 | Loss: 3.4826 | Acc: 0.1660
Epoch: 147 | Loss: 3.5219 | Acc: 0.1678
Epoch: 148 | Loss: 3.4654 | Acc: 0.1690
Epoch: 149 | Loss: 3.4796 | Acc: 0.1706
Epoch: 150 | Loss: 3.4818 | Acc: 0.1722
Epoch: 151 | Loss: 3.4826 | Acc: 0.1744
Epoch: 152 | Loss: 3.4481 | Acc: 0.1754
Epoch: 153 | Loss: 3.4238 | Acc: 0.1770
Epoch: 154 | Loss: 3.4933 | Acc: 0.1772
Epoch: 155 | Loss: 3.4582 | Acc: 0.1782
Epoch: 156 | Loss: 3.4348 | Acc: 0.1796
Epoch: 157 | Loss: 3.4128 | Acc: 0.1818
Epoch: 158 | Loss: 3.4139 | Acc: 0.1834
Epoch: 159 | Loss: 3.4702 | Acc: 0.1854
Epoch: 160 | Loss: 3.4489 | Acc: 0.1870
Epoch: 161 | Loss: 3.4420 | Acc: 0.1890
Epoch: 162 | Loss: 3.3974 | Acc: 0.1908
Epoch: 163 | Loss: 3.4189 | Acc: 0.1934
Epoch: 164 | Loss: 3.4528 | Acc: 0.1948
Epoch: 165 | Loss: 3.4222 | Acc: 0.1968
Epoch: 166 | Loss: 3.4052 | Acc: 0.1976
Epoch: 167 | Loss: 3.4299 | Acc: 0.1998
Epoch: 168 | Loss: 3.4189 | Acc: 0.2006
Epoch: 169 | Loss: 3.3617 | Acc: 0.2028
Epoch: 170 | Loss: 3.3838 | Acc: 0.2042
Epoch: 171 | Loss: 3.3740 | Acc: 0.2060
Epoch: 172 | Loss: 3.4394 | Acc: 0.2072
Epoch: 173 | Loss: 3.3873 | Acc: 0.2098
Epoch: 174 | Loss: 3.4079 | Acc: 0.2120
Epoch: 175 | Loss: 3.4069 | Acc: 0.2142
Epoch: 176 | Loss: 3.4153 | Acc: 0.2158
Epoch: 177 | Loss: 3.3789 | Acc: 0.2162
Epoch: 178 | Loss: 3.3828 | Acc: 0.2172
Epoch: 179 | Loss: 3.3775 | Acc: 0.2178
Epoch: 180 | Loss: 3.3841 | Acc: 0.2194
Epoch: 181 | Loss: 3.3650 | Acc: 0.2208
Epoch: 182 | Loss: 3.3369 | Acc: 0.2222
Epoch: 183 | Loss: 3.3665 | Acc: 0.2254
Epoch: 184 | Loss: 3.3322 | Acc: 0.2274
Epoch: 185 | Loss: 3.3376 | Acc: 0.2290
Epoch: 186 | Loss: 3.3525 | Acc: 0.2296
Epoch: 187 | Loss: 3.3521 | Acc: 0.2310
Epoch: 188 | Loss: 3.3626 | Acc: 0.2336
Epoch: 189 | Loss: 3.3540 | Acc: 0.2352
Epoch: 190 | Loss: 3.3105 | Acc: 0.2374
Epoch: 191 | Loss: 3.3360 | Acc: 0.2382
Epoch: 192 | Loss: 3.3191 | Acc: 0.2404
Epoch: 193 | Loss: 3.2923 | Acc: 0.2414
Epoch: 194 | Loss: 3.3084 | Acc: 0.2428
Epoch: 195 | Loss: 3.2920 | Acc: 0.2440
Epoch: 196 | Loss: 3.2660 | Acc: 0.2462
Epoch: 197 | Loss: 3.2991 | Acc: 0.2478
Epoch: 198 | Loss: 3.3050 | Acc: 0.2500
Epoch: 199 | Loss: 3.3163 | Acc: 0.2516
Epoch: 200 | Loss: 3.3231 | Acc: 0.2544
Epoch: 201 | Loss: 3.2643 | Acc: 0.2570
Epoch: 202 | Loss: 3.2924 | Acc: 0.2588
Epoch: 203 | Loss: 3.2850 | Acc: 0.2618
Epoch: 204 | Loss: 3.2634 | Acc: 0.2646
Epoch: 205 | Loss: 3.3046 | Acc: 0.2682
Epoch: 206 | Loss: 3.2464 | Acc: 0.2706
Epoch: 207 | Loss: 3.1909 | Acc: 0.2726
Epoch: 208 | Loss: 3.2335 | Acc: 0.2746
Epoch: 209 | Loss: 3.2174 | Acc: 0.2770
Epoch: 210 | Loss: 3.2502 | Acc: 0.2794
Epoch: 211 | Loss: 3.2373 | Acc: 0.2812
Epoch: 212 | Loss: 3.2309 | Acc: 0.2826
Epoch: 213 | Loss: 3.2519 | Acc: 0.2858
Epoch: 214 | Loss: 3.2753 | Acc: 0.2874
Epoch: 215 | Loss: 3.2616 | Acc: 0.2908
Epoch: 216 | Loss: 3.2708 | Acc: 0.2920
Epoch: 217 | Loss: 3.2385 | Acc: 0.2946
Epoch: 218 | Loss: 3.1762 | Acc: 0.2962
Epoch: 219 | Loss: 3.1834 | Acc: 0.2976
Epoch: 220 | Loss: 3.2522 | Acc: 0.3012
Epoch: 221 | Loss: 3.2058 | Acc: 0.3036
Epoch: 222 | Loss: 3.2086 | Acc: 0.3066
Epoch: 223 | Loss: 3.1930 | Acc: 0.3072
Epoch: 224 | Loss: 3.2409 | Acc: 0.3104
Epoch: 225 | Loss: 3.2019 | Acc: 0.3114
Epoch: 226 | Loss: 3.1763 | Acc: 0.3124
Epoch: 227 | Loss: 3.2025 | Acc: 0.3140
Epoch: 228 | Loss: 3.1621 | Acc: 0.3170
Epoch: 229 | Loss: 3.1850 | Acc: 0.3196
Epoch: 230 | Loss: 3.2169 | Acc: 0.3222
Epoch: 231 | Loss: 3.1377 | Acc: 0.3244
Epoch: 232 | Loss: 3.1760 | Acc: 0.3258
Epoch: 233 | Loss: 3.1528 | Acc: 0.3282
Epoch: 234 | Loss: 3.1515 | Acc: 0.3302
Epoch: 235 | Loss: 3.1753 | Acc: 0.3314
Epoch: 236 | Loss: 3.1665 | Acc: 0.3328
Epoch: 237 | Loss: 3.2123 | Acc: 0.3346
Epoch: 238 | Loss: 3.1824 | Acc: 0.3362
Epoch: 239 | Loss: 3.1295 | Acc: 0.3394
Epoch: 240 | Loss: 3.1648 | Acc: 0.3428
Epoch: 241 | Loss: 3.1088 | Acc: 0.3442
Epoch: 242 | Loss: 3.1809 | Acc: 0.3458
Epoch: 243 | Loss: 3.1282 | Acc: 0.3484
Epoch: 244 | Loss: 3.1983 | Acc: 0.3508
Epoch: 245 | Loss: 3.1367 | Acc: 0.3540
Epoch: 246 | Loss: 3.1239 | Acc: 0.3546
Epoch: 247 | Loss: 3.1082 | Acc: 0.3578
Epoch: 248 | Loss: 3.0821 | Acc: 0.3602
Epoch: 249 | Loss: 3.1047 | Acc: 0.3610
Epoch: 250 | Loss: 3.1352 | Acc: 0.3636
Epoch: 251 | Loss: 3.0921 | Acc: 0.3648
Epoch: 252 | Loss: 3.0924 | Acc: 0.3670
Epoch: 253 | Loss: 3.0942 | Acc: 0.3692
Epoch: 254 | Loss: 3.1487 | Acc: 0.3716
Epoch: 255 | Loss: 3.1271 | Acc: 0.3730
Epoch: 256 | Loss: 3.1187 | Acc: 0.3734
Epoch: 257 | Loss: 3.1146 | Acc: 0.3758
Epoch: 258 | Loss: 3.1108 | Acc: 0.3776
Epoch: 259 | Loss: 3.1531 | Acc: 0.3798
Epoch: 260 | Loss: 3.0584 | Acc: 0.3830
Epoch: 261 | Loss: 3.0744 | Acc: 0.3848
Epoch: 262 | Loss: 3.0938 | Acc: 0.3870
Epoch: 263 | Loss: 3.1070 | Acc: 0.3888
Epoch: 264 | Loss: 3.0805 | Acc: 0.3916
Epoch: 265 | Loss: 3.0629 | Acc: 0.3932
Epoch: 266 | Loss: 3.1046 | Acc: 0.3964
Epoch: 267 | Loss: 3.0818 | Acc: 0.3996
Epoch: 268 | Loss: 3.0930 | Acc: 0.4020
Epoch: 269 | Loss: 3.0869 | Acc: 0.4040
Epoch: 270 | Loss: 3.0929 | Acc: 0.4058
Epoch: 271 | Loss: 3.0581 | Acc: 0.4078
Epoch: 272 | Loss: 3.0633 | Acc: 0.4094
Epoch: 273 | Loss: 3.0519 | Acc: 0.4116
Epoch: 274 | Loss: 3.0758 | Acc: 0.4138
Epoch: 275 | Loss: 3.0750 | Acc: 0.4160
Epoch: 276 | Loss: 3.0363 | Acc: 0.4190
Epoch: 277 | Loss: 3.0487 | Acc: 0.4218
Epoch: 278 | Loss: 3.0374 | Acc: 0.4238
Epoch: 279 | Loss: 3.0291 | Acc: 0.4254
Epoch: 280 | Loss: 3.0697 | Acc: 0.4270
Epoch: 281 | Loss: 3.0143 | Acc: 0.4294
Epoch: 282 | Loss: 3.0435 | Acc: 0.4300
Epoch: 283 | Loss: 2.9970 | Acc: 0.4318
Epoch: 284 | Loss: 3.0478 | Acc: 0.4344
Epoch: 285 | Loss: 3.0225 | Acc: 0.4366
Epoch: 286 | Loss: 3.0179 | Acc: 0.4392
Epoch: 287 | Loss: 3.0144 | Acc: 0.4404
Epoch: 288 | Loss: 2.9823 | Acc: 0.4418
Epoch: 289 | Loss: 3.0291 | Acc: 0.4428
Epoch: 290 | Loss: 3.0275 | Acc: 0.4442
Epoch: 291 | Loss: 2.9408 | Acc: 0.4460
Epoch: 292 | Loss: 3.0025 | Acc: 0.4480
Epoch: 293 | Loss: 3.0445 | Acc: 0.4492
Epoch: 294 | Loss: 3.0091 | Acc: 0.4518
Epoch: 295 | Loss: 3.0125 | Acc: 0.4554
Epoch: 296 | Loss: 3.0103 | Acc: 0.4588
Epoch: 297 | Loss: 2.9742 | Acc: 0.4616
Epoch: 298 | Loss: 3.0020 | Acc: 0.4624
Epoch: 299 | Loss: 2.9846 | Acc: 0.4656
Epoch: 300 | Loss: 3.0443 | Acc: 0.4680
Epoch: 301 | Loss: 3.0037 | Acc: 0.4700
Epoch: 302 | Loss: 2.9718 | Acc: 0.4724
Epoch: 303 | Loss: 2.9749 | Acc: 0.4744
Epoch: 304 | Loss: 2.9710 | Acc: 0.4792
Epoch: 305 | Loss: 2.9597 | Acc: 0.4800
Epoch: 306 | Loss: 2.9854 | Acc: 0.4812
Epoch: 307 | Loss: 2.8837 | Acc: 0.4828
Epoch: 308 | Loss: 2.9551 | Acc: 0.4850
Epoch: 309 | Loss: 2.9782 | Acc: 0.4864
Epoch: 310 | Loss: 2.9089 | Acc: 0.4876
Epoch: 311 | Loss: 3.0103 | Acc: 0.4884
Epoch: 312 | Loss: 2.9066 | Acc: 0.4900
Epoch: 313 | Loss: 2.9627 | Acc: 0.4922
Epoch: 314 | Loss: 2.9168 | Acc: 0.4940
Epoch: 315 | Loss: 2.9258 | Acc: 0.4958
Epoch: 316 | Loss: 2.9218 | Acc: 0.4972
Epoch: 317 | Loss: 2.9239 | Acc: 0.4982
Epoch: 318 | Loss: 2.9557 | Acc: 0.4998
Epoch: 319 | Loss: 2.8863 | Acc: 0.5030
Epoch: 320 | Loss: 2.9276 | Acc: 0.5046
Epoch: 321 | Loss: 2.9776 | Acc: 0.5058
Epoch: 322 | Loss: 2.9179 | Acc: 0.5074
Epoch: 323 | Loss: 2.8942 | Acc: 0.5080
Epoch: 324 | Loss: 2.9319 | Acc: 0.5084
Epoch: 325 | Loss: 2.9018 | Acc: 0.5112
Epoch: 326 | Loss: 2.8903 | Acc: 0.5128
Epoch: 327 | Loss: 2.9209 | Acc: 0.5142
Epoch: 328 | Loss: 2.8874 | Acc: 0.5168
Epoch: 329 | Loss: 2.9781 | Acc: 0.5180
Epoch: 330 | Loss: 2.9307 | Acc: 0.5184
Epoch: 331 | Loss: 2.9234 | Acc: 0.5198
Epoch: 332 | Loss: 2.8910 | Acc: 0.5210
Epoch: 333 | Loss: 2.8977 | Acc: 0.5232
Epoch: 334 | Loss: 2.9236 | Acc: 0.5240
Epoch: 335 | Loss: 2.8965 | Acc: 0.5258
Epoch: 336 | Loss: 2.9056 | Acc: 0.5288
Epoch: 337 | Loss: 2.8693 | Acc: 0.5296
Epoch: 338 | Loss: 2.8899 | Acc: 0.5306
Epoch: 339 | Loss: 2.8835 | Acc: 0.5318
Epoch: 340 | Loss: 2.8551 | Acc: 0.5330
Epoch: 341 | Loss: 2.8661 | Acc: 0.5352
Epoch: 342 | Loss: 2.8353 | Acc: 0.5368
Epoch: 343 | Loss: 2.8864 | Acc: 0.5382
Epoch: 344 | Loss: 2.9007 | Acc: 0.5390
Epoch: 345 | Loss: 2.8562 | Acc: 0.5394
Epoch: 346 | Loss: 2.8466 | Acc: 0.5410
Epoch: 347 | Loss: 2.8651 | Acc: 0.5422
Epoch: 348 | Loss: 2.9334 | Acc: 0.5440
Epoch: 349 | Loss: 2.9052 | Acc: 0.5456
Epoch: 350 | Loss: 2.8316 | Acc: 0.5470
Epoch: 351 | Loss: 2.7900 | Acc: 0.5492
Epoch: 352 | Loss: 2.8737 | Acc: 0.5508
Epoch: 353 | Loss: 2.8429 | Acc: 0.5518
Epoch: 354 | Loss: 2.8566 | Acc: 0.5534
Epoch: 355 | Loss: 2.8629 | Acc: 0.5540
Epoch: 356 | Loss: 2.8310 | Acc: 0.5546
Epoch: 357 | Loss: 2.8324 | Acc: 0.5560
Epoch: 358 | Loss: 2.8555 | Acc: 0.5576
Epoch: 359 | Loss: 2.8469 | Acc: 0.5588
Epoch: 360 | Loss: 2.8248 | Acc: 0.5606
Epoch: 361 | Loss: 2.8689 | Acc: 0.5628
Epoch: 362 | Loss: 2.8829 | Acc: 0.5656
Epoch: 363 | Loss: 2.8455 | Acc: 0.5668
Epoch: 364 | Loss: 2.8208 | Acc: 0.5686
Epoch: 365 | Loss: 2.8373 | Acc: 0.5696
Epoch: 366 | Loss: 2.8401 | Acc: 0.5712
Epoch: 367 | Loss: 2.8529 | Acc: 0.5716
Epoch: 368 | Loss: 2.7692 | Acc: 0.5734
Epoch: 369 | Loss: 2.8515 | Acc: 0.5748
Epoch: 370 | Loss: 2.8431 | Acc: 0.5760
Epoch: 371 | Loss: 2.8214 | Acc: 0.5772
Epoch: 372 | Loss: 2.8305 | Acc: 0.5778
Epoch: 373 | Loss: 2.7990 | Acc: 0.5784
Epoch: 374 | Loss: 2.8410 | Acc: 0.5800
Epoch: 375 | Loss: 2.8054 | Acc: 0.5810
Epoch: 376 | Loss: 2.8012 | Acc: 0.5826
Epoch: 377 | Loss: 2.8265 | Acc: 0.5836
Epoch: 378 | Loss: 2.8174 | Acc: 0.5844
Epoch: 379 | Loss: 2.8388 | Acc: 0.5866
Epoch: 380 | Loss: 2.8280 | Acc: 0.5864
Epoch: 381 | Loss: 2.8416 | Acc: 0.5892
Epoch: 382 | Loss: 2.7691 | Acc: 0.5910
Epoch: 383 | Loss: 2.8191 | Acc: 0.5924
Epoch: 384 | Loss: 2.8061 | Acc: 0.5934
Epoch: 385 | Loss: 2.8118 | Acc: 0.5952
Epoch: 386 | Loss: 2.7867 | Acc: 0.5956
Epoch: 387 | Loss: 2.7339 | Acc: 0.5964
Epoch: 388 | Loss: 2.7989 | Acc: 0.5984
Epoch: 389 | Loss: 2.7487 | Acc: 0.5996
Epoch: 390 | Loss: 2.7912 | Acc: 0.6004
Epoch: 391 | Loss: 2.7921 | Acc: 0.6022
Epoch: 392 | Loss: 2.7816 | Acc: 0.6030
Epoch: 393 | Loss: 2.7607 | Acc: 0.6040
Epoch: 394 | Loss: 2.7130 | Acc: 0.6046
Epoch: 395 | Loss: 2.8033 | Acc: 0.6054
Epoch: 396 | Loss: 2.7707 | Acc: 0.6062
Epoch: 397 | Loss: 2.7740 | Acc: 0.6066
Epoch: 398 | Loss: 2.7719 | Acc: 0.6080
Epoch: 399 | Loss: 2.8240 | Acc: 0.6086
Epoch: 400 | Loss: 2.7891 | Acc: 0.6092
Epoch: 401 | Loss: 2.7894 | Acc: 0.6102
Epoch: 402 | Loss: 2.7730 | Acc: 0.6120
Epoch: 403 | Loss: 2.7647 | Acc: 0.6128
Epoch: 404 | Loss: 2.7675 | Acc: 0.6140
Epoch: 405 | Loss: 2.7206 | Acc: 0.6148
Epoch: 406 | Loss: 2.7555 | Acc: 0.6156
Epoch: 407 | Loss: 2.7404 | Acc: 0.6174
Epoch: 408 | Loss: 2.7324 | Acc: 0.6182
Epoch: 409 | Loss: 2.7732 | Acc: 0.6180
Epoch: 410 | Loss: 2.7347 | Acc: 0.6188
Epoch: 411 | Loss: 2.7487 | Acc: 0.6194
Epoch: 412 | Loss: 2.7692 | Acc: 0.6208
Epoch: 413 | Loss: 2.8713 | Acc: 0.6218
Epoch: 414 | Loss: 2.7257 | Acc: 0.6226
Epoch: 415 | Loss: 2.6934 | Acc: 0.6232
Epoch: 416 | Loss: 2.7547 | Acc: 0.6244
Epoch: 417 | Loss: 2.7413 | Acc: 0.6246
Epoch: 418 | Loss: 2.7147 | Acc: 0.6252
Epoch: 419 | Loss: 2.7248 | Acc: 0.6258
Epoch: 420 | Loss: 2.7433 | Acc: 0.6268
Epoch: 421 | Loss: 2.6690 | Acc: 0.6282
Epoch: 422 | Loss: 2.7644 | Acc: 0.6296
Epoch: 423 | Loss: 2.7594 | Acc: 0.6308
Epoch: 424 | Loss: 2.7212 | Acc: 0.6316
Epoch: 425 | Loss: 2.7171 | Acc: 0.6324
Epoch: 426 | Loss: 2.7745 | Acc: 0.6334
Epoch: 427 | Loss: 2.6815 | Acc: 0.6338
Epoch: 428 | Loss: 2.7076 | Acc: 0.6346
Epoch: 429 | Loss: 2.7706 | Acc: 0.6350
Epoch: 430 | Loss: 2.7431 | Acc: 0.6352
Epoch: 431 | Loss: 2.6936 | Acc: 0.6366
Epoch: 432 | Loss: 2.7462 | Acc: 0.6372
Epoch: 433 | Loss: 2.7306 | Acc: 0.6382
Epoch: 434 | Loss: 2.7748 | Acc: 0.6400
Epoch: 435 | Loss: 2.7176 | Acc: 0.6402
Epoch: 436 | Loss: 2.7192 | Acc: 0.6412
Epoch: 437 | Loss: 2.7147 | Acc: 0.6416
Epoch: 438 | Loss: 2.6810 | Acc: 0.6426
Epoch: 439 | Loss: 2.6849 | Acc: 0.6432
Epoch: 440 | Loss: 2.7640 | Acc: 0.6442
Epoch: 441 | Loss: 2.7170 | Acc: 0.6452
Epoch: 442 | Loss: 2.7078 | Acc: 0.6462
Epoch: 443 | Loss: 2.6584 | Acc: 0.6474
Epoch: 444 | Loss: 2.7282 | Acc: 0.6488
Epoch: 445 | Loss: 2.6668 | Acc: 0.6490
Epoch: 446 | Loss: 2.6691 | Acc: 0.6502
Epoch: 447 | Loss: 2.7199 | Acc: 0.6520
Epoch: 448 | Loss: 2.7012 | Acc: 0.6532
Epoch: 449 | Loss: 2.6658 | Acc: 0.6536
Epoch: 450 | Loss: 2.7276 | Acc: 0.6538
Epoch: 451 | Loss: 2.7058 | Acc: 0.6544
Epoch: 452 | Loss: 2.6372 | Acc: 0.6550
Epoch: 453 | Loss: 2.7226 | Acc: 0.6552
Epoch: 454 | Loss: 2.6941 | Acc: 0.6568
Epoch: 455 | Loss: 2.5925 | Acc: 0.6574
Epoch: 456 | Loss: 2.6841 | Acc: 0.6578
Epoch: 457 | Loss: 2.6528 | Acc: 0.6584
Epoch: 458 | Loss: 2.6660 | Acc: 0.6590
Epoch: 459 | Loss: 2.6699 | Acc: 0.6602
Epoch: 460 | Loss: 2.6770 | Acc: 0.6604
Epoch: 461 | Loss: 2.6875 | Acc: 0.6606
Epoch: 462 | Loss: 2.7060 | Acc: 0.6614
Epoch: 463 | Loss: 2.6706 | Acc: 0.6622
Epoch: 464 | Loss: 2.6957 | Acc: 0.6634
Epoch: 465 | Loss: 2.6763 | Acc: 0.6634
Epoch: 466 | Loss: 2.6878 | Acc: 0.6640
Epoch: 467 | Loss: 2.7013 | Acc: 0.6650
Epoch: 468 | Loss: 2.6796 | Acc: 0.6656
Epoch: 469 | Loss: 2.6780 | Acc: 0.6662
Epoch: 470 | Loss: 2.7070 | Acc: 0.6678
Epoch: 471 | Loss: 2.6458 | Acc: 0.6690
Epoch: 472 | Loss: 2.6745 | Acc: 0.6698
Epoch: 473 | Loss: 2.6455 | Acc: 0.6706
Epoch: 474 | Loss: 2.6742 | Acc: 0.6710
Epoch: 475 | Loss: 2.6948 | Acc: 0.6716
Epoch: 476 | Loss: 2.5790 | Acc: 0.6720
Epoch: 477 | Loss: 2.6850 | Acc: 0.6728
Epoch: 478 | Loss: 2.6792 | Acc: 0.6730
Epoch: 479 | Loss: 2.6802 | Acc: 0.6740
Epoch: 480 | Loss: 2.6642 | Acc: 0.6744
Epoch: 481 | Loss: 2.6369 | Acc: 0.6752
Epoch: 482 | Loss: 2.6409 | Acc: 0.6766
Epoch: 483 | Loss: 2.6336 | Acc: 0.6774
Epoch: 484 | Loss: 2.6231 | Acc: 0.6788
Epoch: 485 | Loss: 2.6339 | Acc: 0.6786
Epoch: 486 | Loss: 2.6058 | Acc: 0.6788
Epoch: 487 | Loss: 2.5755 | Acc: 0.6790
Epoch: 488 | Loss: 2.6508 | Acc: 0.6796
Epoch: 489 | Loss: 2.6400 | Acc: 0.6800
Epoch: 490 | Loss: 2.6068 | Acc: 0.6806
Epoch: 491 | Loss: 2.6515 | Acc: 0.6816
Epoch: 492 | Loss: 2.6245 | Acc: 0.6820
Epoch: 493 | Loss: 2.5956 | Acc: 0.6832
Epoch: 494 | Loss: 2.6109 | Acc: 0.6840
Epoch: 495 | Loss: 2.6239 | Acc: 0.6852
Epoch: 496 | Loss: 2.5829 | Acc: 0.6858
Epoch: 497 | Loss: 2.6667 | Acc: 0.6864
Epoch: 498 | Loss: 2.6097 | Acc: 0.6876
Epoch: 499 | Loss: 2.6711 | Acc: 0.6874
Epoch: 500 | Loss: 2.6260 | Acc: 0.6878
Epoch: 501 | Loss: 2.6331 | Acc: 0.6888
Epoch: 502 | Loss: 2.5808 | Acc: 0.6890
Epoch: 503 | Loss: 2.6562 | Acc: 0.6890
Epoch: 504 | Loss: 2.5585 | Acc: 0.6898
Epoch: 505 | Loss: 2.6672 | Acc: 0.6904
Epoch: 506 | Loss: 2.5409 | Acc: 0.6916
Epoch: 507 | Loss: 2.6506 | Acc: 0.6926
Epoch: 508 | Loss: 2.5623 | Acc: 0.6934
Epoch: 509 | Loss: 2.6123 | Acc: 0.6936
Epoch: 510 | Loss: 2.5668 | Acc: 0.6936
Epoch: 511 | Loss: 2.5687 | Acc: 0.6946
Epoch: 512 | Loss: 2.5993 | Acc: 0.6946
Epoch: 513 | Loss: 2.6222 | Acc: 0.6952
Epoch: 514 | Loss: 2.6601 | Acc: 0.6960
Epoch: 515 | Loss: 2.6510 | Acc: 0.6968
Epoch: 516 | Loss: 2.6407 | Acc: 0.6976
Epoch: 517 | Loss: 2.5580 | Acc: 0.6978
Epoch: 518 | Loss: 2.5871 | Acc: 0.6982
Epoch: 519 | Loss: 2.6031 | Acc: 0.6994
Epoch: 520 | Loss: 2.5946 | Acc: 0.6998
Epoch: 521 | Loss: 2.6177 | Acc: 0.7004
Epoch: 522 | Loss: 2.6081 | Acc: 0.7008
Epoch: 523 | Loss: 2.6269 | Acc: 0.7012
Epoch: 524 | Loss: 2.6065 | Acc: 0.7020
Epoch: 525 | Loss: 2.5378 | Acc: 0.7028
Epoch: 526 | Loss: 2.6337 | Acc: 0.7028
Epoch: 527 | Loss: 2.5967 | Acc: 0.7032
Epoch: 528 | Loss: 2.5674 | Acc: 0.7048
Epoch: 529 | Loss: 2.5897 | Acc: 0.7056
Epoch: 530 | Loss: 2.5884 | Acc: 0.7060
Epoch: 531 | Loss: 2.5653 | Acc: 0.7062
Epoch: 532 | Loss: 2.5989 | Acc: 0.7062
Epoch: 533 | Loss: 2.5474 | Acc: 0.7070
Epoch: 534 | Loss: 2.5590 | Acc: 0.7068
Epoch: 535 | Loss: 2.5438 | Acc: 0.7078
Epoch: 536 | Loss: 2.6071 | Acc: 0.7084
Epoch: 537 | Loss: 2.5135 | Acc: 0.7092
Epoch: 538 | Loss: 2.5360 | Acc: 0.7094
Epoch: 539 | Loss: 2.5370 | Acc: 0.7098
Epoch: 540 | Loss: 2.5316 | Acc: 0.7098
Epoch: 541 | Loss: 2.6029 | Acc: 0.7098
Epoch: 542 | Loss: 2.5890 | Acc: 0.7100
Epoch: 543 | Loss: 2.6045 | Acc: 0.7108
Epoch: 544 | Loss: 2.6173 | Acc: 0.7108
Epoch: 545 | Loss: 2.5845 | Acc: 0.7106
Epoch: 546 | Loss: 2.5761 | Acc: 0.7112
Epoch: 547 | Loss: 2.5557 | Acc: 0.7116
Epoch: 548 | Loss: 2.6019 | Acc: 0.7120
Epoch: 549 | Loss: 2.5656 | Acc: 0.7120
Epoch: 550 | Loss: 2.5840 | Acc: 0.7118
Epoch: 551 | Loss: 2.5765 | Acc: 0.7120
Epoch: 552 | Loss: 2.5220 | Acc: 0.7128
Epoch: 553 | Loss: 2.5626 | Acc: 0.7126
Epoch: 554 | Loss: 2.5991 | Acc: 0.7126
Epoch: 555 | Loss: 2.5114 | Acc: 0.7132
Epoch: 556 | Loss: 2.5582 | Acc: 0.7130
Epoch: 557 | Loss: 2.5537 | Acc: 0.7134
Epoch: 558 | Loss: 2.5403 | Acc: 0.7132
Epoch: 559 | Loss: 2.5384 | Acc: 0.7136
Epoch: 560 | Loss: 2.5833 | Acc: 0.7140
Epoch: 561 | Loss: 2.5186 | Acc: 0.7150
Epoch: 562 | Loss: 2.5805 | Acc: 0.7156
Epoch: 563 | Loss: 2.5288 | Acc: 0.7162
Epoch: 564 | Loss: 2.5780 | Acc: 0.7166
Epoch: 565 | Loss: 2.5666 | Acc: 0.7176
Epoch: 566 | Loss: 2.5747 | Acc: 0.7190
Epoch: 567 | Loss: 2.5127 | Acc: 0.7192
Epoch: 568 | Loss: 2.5324 | Acc: 0.7194
Epoch: 569 | Loss: 2.5419 | Acc: 0.7198
Epoch: 570 | Loss: 2.5384 | Acc: 0.7212
Epoch: 571 | Loss: 2.5761 | Acc: 0.7218
Epoch: 572 | Loss: 2.5311 | Acc: 0.7222
Epoch: 573 | Loss: 2.5502 | Acc: 0.7226
Epoch: 574 | Loss: 2.5310 | Acc: 0.7234
Epoch: 575 | Loss: 2.5532 | Acc: 0.7236
Epoch: 576 | Loss: 2.5546 | Acc: 0.7238
Epoch: 577 | Loss: 2.5169 | Acc: 0.7238
Epoch: 578 | Loss: 2.6063 | Acc: 0.7244
Epoch: 579 | Loss: 2.4906 | Acc: 0.7244
Epoch: 580 | Loss: 2.5512 | Acc: 0.7250
Epoch: 581 | Loss: 2.4815 | Acc: 0.7252
Epoch: 582 | Loss: 2.5246 | Acc: 0.7254
Epoch: 583 | Loss: 2.5638 | Acc: 0.7254
Epoch: 584 | Loss: 2.4939 | Acc: 0.7260
Epoch: 585 | Loss: 2.5172 | Acc: 0.7262
Epoch: 586 | Loss: 2.5282 | Acc: 0.7260
Epoch: 587 | Loss: 2.5563 | Acc: 0.7270
Epoch: 588 | Loss: 2.4881 | Acc: 0.7274
Epoch: 589 | Loss: 2.5156 | Acc: 0.7276
Epoch: 590 | Loss: 2.4694 | Acc: 0.7274
Epoch: 591 | Loss: 2.5648 | Acc: 0.7278
Epoch: 592 | Loss: 2.4610 | Acc: 0.7278
Epoch: 593 | Loss: 2.5343 | Acc: 0.7282
Epoch: 594 | Loss: 2.5570 | Acc: 0.7290
Epoch: 595 | Loss: 2.4782 | Acc: 0.7286
Epoch: 596 | Loss: 2.5276 | Acc: 0.7290
Epoch: 597 | Loss: 2.5618 | Acc: 0.7292
Epoch: 598 | Loss: 2.4799 | Acc: 0.7292
Epoch: 599 | Loss: 2.5048 | Acc: 0.7292
Epoch: 600 | Loss: 2.5100 | Acc: 0.7296
Epoch: 601 | Loss: 2.4798 | Acc: 0.7294
Epoch: 602 | Loss: 2.4386 | Acc: 0.7294
Epoch: 603 | Loss: 2.4976 | Acc: 0.7296
Epoch: 604 | Loss: 2.5176 | Acc: 0.7302
Epoch: 605 | Loss: 2.5007 | Acc: 0.7300
Epoch: 606 | Loss: 2.4568 | Acc: 0.7304
Epoch: 607 | Loss: 2.5107 | Acc: 0.7306
Epoch: 608 | Loss: 2.4767 | Acc: 0.7312
Epoch: 609 | Loss: 2.5229 | Acc: 0.7314
Epoch: 610 | Loss: 2.4828 | Acc: 0.7314
Epoch: 611 | Loss: 2.5391 | Acc: 0.7316
Epoch: 612 | Loss: 2.4581 | Acc: 0.7318
Epoch: 613 | Loss: 2.5271 | Acc: 0.7318
Epoch: 614 | Loss: 2.5579 | Acc: 0.7316
Epoch: 615 | Loss: 2.5229 | Acc: 0.7320
Epoch: 616 | Loss: 2.4631 | Acc: 0.7324
Epoch: 617 | Loss: 2.4809 | Acc: 0.7328
Epoch: 618 | Loss: 2.5220 | Acc: 0.7334
Epoch: 619 | Loss: 2.5545 | Acc: 0.7344
Epoch: 620 | Loss: 2.4529 | Acc: 0.7348
Epoch: 621 | Loss: 2.5367 | Acc: 0.7346
Epoch: 622 | Loss: 2.5026 | Acc: 0.7348
Epoch: 623 | Loss: 2.5391 | Acc: 0.7352
Epoch: 624 | Loss: 2.5236 | Acc: 0.7352
Epoch: 625 | Loss: 2.4515 | Acc: 0.7352
Epoch: 626 | Loss: 2.4946 | Acc: 0.7354
Epoch: 627 | Loss: 2.4794 | Acc: 0.7354
Epoch: 628 | Loss: 2.4546 | Acc: 0.7360
Epoch: 629 | Loss: 2.4997 | Acc: 0.7364
Epoch: 630 | Loss: 2.5346 | Acc: 0.7368
Epoch: 631 | Loss: 2.5007 | Acc: 0.7372
Epoch: 632 | Loss: 2.4897 | Acc: 0.7372
Epoch: 633 | Loss: 2.4609 | Acc: 0.7376
Epoch: 634 | Loss: 2.4184 | Acc: 0.7384
Epoch: 635 | Loss: 2.4567 | Acc: 0.7382
Epoch: 636 | Loss: 2.5134 | Acc: 0.7392
Epoch: 637 | Loss: 2.5151 | Acc: 0.7396
Epoch: 638 | Loss: 2.4942 | Acc: 0.7402
Epoch: 639 | Loss: 2.4538 | Acc: 0.7404
Epoch: 640 | Loss: 2.4466 | Acc: 0.7402
Epoch: 641 | Loss: 2.4581 | Acc: 0.7406
Epoch: 642 | Loss: 2.4585 | Acc: 0.7404
Epoch: 643 | Loss: 2.4867 | Acc: 0.7406
Epoch: 644 | Loss: 2.4557 | Acc: 0.7410
Epoch: 645 | Loss: 2.5100 | Acc: 0.7414
Epoch: 646 | Loss: 2.4864 | Acc: 0.7420
Epoch: 647 | Loss: 2.4555 | Acc: 0.7420
Epoch: 648 | Loss: 2.5129 | Acc: 0.7426
Epoch: 649 | Loss: 2.4646 | Acc: 0.7430
Epoch: 650 | Loss: 2.4014 | Acc: 0.7428
Epoch: 651 | Loss: 2.4406 | Acc: 0.7430
Epoch: 652 | Loss: 2.4898 | Acc: 0.7434
Epoch: 653 | Loss: 2.4069 | Acc: 0.7436
Epoch: 654 | Loss: 2.4309 | Acc: 0.7436
Epoch: 655 | Loss: 2.4776 | Acc: 0.7434
Epoch: 656 | Loss: 2.4362 | Acc: 0.7434
Epoch: 657 | Loss: 2.4457 | Acc: 0.7434
Epoch: 658 | Loss: 2.5211 | Acc: 0.7438
Epoch: 659 | Loss: 2.4458 | Acc: 0.7442
Epoch: 660 | Loss: 2.4431 | Acc: 0.7442
Epoch: 661 | Loss: 2.4641 | Acc: 0.7442
Epoch: 662 | Loss: 2.4708 | Acc: 0.7442
Epoch: 663 | Loss: 2.4688 | Acc: 0.7440
Epoch: 664 | Loss: 2.4965 | Acc: 0.7436
Epoch: 665 | Loss: 2.4626 | Acc: 0.7436
Epoch: 666 | Loss: 2.4773 | Acc: 0.7436
Epoch: 667 | Loss: 2.4799 | Acc: 0.7438
Epoch: 668 | Loss: 2.4770 | Acc: 0.7444
Epoch: 669 | Loss: 2.4146 | Acc: 0.7448
Epoch: 670 | Loss: 2.4684 | Acc: 0.7452
Epoch: 671 | Loss: 2.4818 | Acc: 0.7454
Epoch: 672 | Loss: 2.4439 | Acc: 0.7454
Epoch: 673 | Loss: 2.4425 | Acc: 0.7454
Epoch: 674 | Loss: 2.4810 | Acc: 0.7456
Epoch: 675 | Loss: 2.4003 | Acc: 0.7458
Epoch: 676 | Loss: 2.4443 | Acc: 0.7460
Epoch: 677 | Loss: 2.4431 | Acc: 0.7462
Epoch: 678 | Loss: 2.4754 | Acc: 0.7464
Epoch: 679 | Loss: 2.4555 | Acc: 0.7466
Epoch: 680 | Loss: 2.3968 | Acc: 0.7464
Epoch: 681 | Loss: 2.4507 | Acc: 0.7468
Epoch: 682 | Loss: 2.4519 | Acc: 0.7468
Epoch: 683 | Loss: 2.4304 | Acc: 0.7468
Epoch: 684 | Loss: 2.4924 | Acc: 0.7470
Epoch: 685 | Loss: 2.5104 | Acc: 0.7470
Epoch: 686 | Loss: 2.4754 | Acc: 0.7474
Epoch: 687 | Loss: 2.4438 | Acc: 0.7484
Epoch: 688 | Loss: 2.4768 | Acc: 0.7490
Epoch: 689 | Loss: 2.4744 | Acc: 0.7492
Epoch: 690 | Loss: 2.4630 | Acc: 0.7496
Epoch: 691 | Loss: 2.4557 | Acc: 0.7498
Epoch: 692 | Loss: 2.4191 | Acc: 0.7496
Epoch: 693 | Loss: 2.4169 | Acc: 0.7500
Epoch: 694 | Loss: 2.4903 | Acc: 0.7498
Epoch: 695 | Loss: 2.4003 | Acc: 0.7500
Epoch: 696 | Loss: 2.4203 | Acc: 0.7500
Epoch: 697 | Loss: 2.4422 | Acc: 0.7500
Epoch: 698 | Loss: 2.3798 | Acc: 0.7500
Epoch: 699 | Loss: 2.3904 | Acc: 0.7500
Epoch: 700 | Loss: 2.4204 | Acc: 0.7502
Epoch: 701 | Loss: 2.4303 | Acc: 0.7502
Epoch: 702 | Loss: 2.4049 | Acc: 0.7506
Epoch: 703 | Loss: 2.4806 | Acc: 0.7506
Epoch: 704 | Loss: 2.4455 | Acc: 0.7508
Epoch: 705 | Loss: 2.4378 | Acc: 0.7510
Epoch: 706 | Loss: 2.4169 | Acc: 0.7510
Epoch: 707 | Loss: 2.4023 | Acc: 0.7512
Epoch: 708 | Loss: 2.4246 | Acc: 0.7514
Epoch: 709 | Loss: 2.4671 | Acc: 0.7510
Epoch: 710 | Loss: 2.4469 | Acc: 0.7512
Epoch: 711 | Loss: 2.4663 | Acc: 0.7512
Epoch: 712 | Loss: 2.4360 | Acc: 0.7518
Epoch: 713 | Loss: 2.4923 | Acc: 0.7516
Epoch: 714 | Loss: 2.3804 | Acc: 0.7518
Epoch: 715 | Loss: 2.4132 | Acc: 0.7520
Epoch: 716 | Loss: 2.4251 | Acc: 0.7520
Epoch: 717 | Loss: 2.4843 | Acc: 0.7526
Epoch: 718 | Loss: 2.4289 | Acc: 0.7528
Epoch: 719 | Loss: 2.4450 | Acc: 0.7528
Epoch: 720 | Loss: 2.4449 | Acc: 0.7532
Epoch: 721 | Loss: 2.4093 | Acc: 0.7532
Epoch: 722 | Loss: 2.4662 | Acc: 0.7534
Epoch: 723 | Loss: 2.4086 | Acc: 0.7538
Epoch: 724 | Loss: 2.4818 | Acc: 0.7540
Epoch: 725 | Loss: 2.4048 | Acc: 0.7540
Epoch: 726 | Loss: 2.4736 | Acc: 0.7542
Epoch: 727 | Loss: 2.4159 | Acc: 0.7546
Epoch: 728 | Loss: 2.4483 | Acc: 0.7548
Epoch: 729 | Loss: 2.4678 | Acc: 0.7546
Epoch: 730 | Loss: 2.4154 | Acc: 0.7548
Epoch: 731 | Loss: 2.4356 | Acc: 0.7548
Epoch: 732 | Loss: 2.4471 | Acc: 0.7552
Epoch: 733 | Loss: 2.4329 | Acc: 0.7552
Epoch: 734 | Loss: 2.4561 | Acc: 0.7552
Epoch: 735 | Loss: 2.4327 | Acc: 0.7552
Epoch: 736 | Loss: 2.4014 | Acc: 0.7550
Epoch: 737 | Loss: 2.4993 | Acc: 0.7552
Epoch: 738 | Loss: 2.4552 | Acc: 0.7554
Epoch: 739 | Loss: 2.4433 | Acc: 0.7558
Epoch: 740 | Loss: 2.3991 | Acc: 0.7564
Epoch: 741 | Loss: 2.4460 | Acc: 0.7566
Epoch: 742 | Loss: 2.4178 | Acc: 0.7570
Epoch: 743 | Loss: 2.4327 | Acc: 0.7568
Epoch: 744 | Loss: 2.4324 | Acc: 0.7566
Epoch: 745 | Loss: 2.4805 | Acc: 0.7566
Epoch: 746 | Loss: 2.3979 | Acc: 0.7562
Epoch: 747 | Loss: 2.4459 | Acc: 0.7564
Epoch: 748 | Loss: 2.4406 | Acc: 0.7568
Epoch: 749 | Loss: 2.4077 | Acc: 0.7566
Epoch: 750 | Loss: 2.4108 | Acc: 0.7568
Epoch: 751 | Loss: 2.3898 | Acc: 0.7568
Epoch: 752 | Loss: 2.4537 | Acc: 0.7570
Epoch: 753 | Loss: 2.4484 | Acc: 0.7570
Epoch: 754 | Loss: 2.4380 | Acc: 0.7574
Epoch: 755 | Loss: 2.4219 | Acc: 0.7574
Epoch: 756 | Loss: 2.4392 | Acc: 0.7574
Epoch: 757 | Loss: 2.4276 | Acc: 0.7578
Epoch: 758 | Loss: 2.4258 | Acc: 0.7576
Epoch: 759 | Loss: 2.4383 | Acc: 0.7580
Epoch: 760 | Loss: 2.4237 | Acc: 0.7580
Epoch: 761 | Loss: 2.4170 | Acc: 0.7582
Epoch: 762 | Loss: 2.4220 | Acc: 0.7588
Epoch: 763 | Loss: 2.4014 | Acc: 0.7592
Epoch: 764 | Loss: 2.4522 | Acc: 0.7592
Epoch: 765 | Loss: 2.4180 | Acc: 0.7594
Epoch: 766 | Loss: 2.3948 | Acc: 0.7594
Epoch: 767 | Loss: 2.4302 | Acc: 0.7594
Epoch: 768 | Loss: 2.3817 | Acc: 0.7594
Epoch: 769 | Loss: 2.4094 | Acc: 0.7594
Epoch: 770 | Loss: 2.3935 | Acc: 0.7594
Epoch: 771 | Loss: 2.4198 | Acc: 0.7594
Epoch: 772 | Loss: 2.4269 | Acc: 0.7596
Epoch: 773 | Loss: 2.4244 | Acc: 0.7604
Epoch: 774 | Loss: 2.4351 | Acc: 0.7608
Epoch: 775 | Loss: 2.4201 | Acc: 0.7606
Epoch: 776 | Loss: 2.3961 | Acc: 0.7608
Epoch: 777 | Loss: 2.4126 | Acc: 0.7610
Epoch: 778 | Loss: 2.4330 | Acc: 0.7610
Epoch: 779 | Loss: 2.4078 | Acc: 0.7614
Epoch: 780 | Loss: 2.3787 | Acc: 0.7618
Epoch: 781 | Loss: 2.4314 | Acc: 0.7620
Epoch: 782 | Loss: 2.4608 | Acc: 0.7618
Epoch: 783 | Loss: 2.4371 | Acc: 0.7624
Epoch: 784 | Loss: 2.4208 | Acc: 0.7626
Epoch: 785 | Loss: 2.4165 | Acc: 0.7626
Epoch: 786 | Loss: 2.4381 | Acc: 0.7624
Epoch: 787 | Loss: 2.4203 | Acc: 0.7626
Epoch: 788 | Loss: 2.4345 | Acc: 0.7626
Epoch: 789 | Loss: 2.4325 | Acc: 0.7628
Epoch: 790 | Loss: 2.4472 | Acc: 0.7626
Epoch: 791 | Loss: 2.4342 | Acc: 0.7628
Epoch: 792 | Loss: 2.4187 | Acc: 0.7630
Epoch: 793 | Loss: 2.4492 | Acc: 0.7636
Epoch: 794 | Loss: 2.4463 | Acc: 0.7628
Epoch: 795 | Loss: 2.4581 | Acc: 0.7630
Epoch: 796 | Loss: 2.4987 | Acc: 0.7628
Epoch: 797 | Loss: 2.3688 | Acc: 0.7628
Epoch: 798 | Loss: 2.3728 | Acc: 0.7628
Epoch: 799 | Loss: 2.4270 | Acc: 0.7630
Saved model to vit-b2.pt
