Mon May 11 17:31:32 2026       
+-----------------------------------------------------------------------------------------+
| NVIDIA-SMI 570.148.08             Driver Version: 570.148.08     CUDA Version: 12.8     |
|-----------------------------------------+------------------------+----------------------+
| GPU  Name                 Persistence-M | Bus-Id          Disp.A | Volatile Uncorr. ECC |
| Fan  Temp   Perf          Pwr:Usage/Cap |           Memory-Usage | GPU-Util  Compute M. |
|                                         |                        |               MIG M. |
|=========================================+========================+======================|
|   0  NVIDIA A100-SXM4-40GB          On  |   00000000:C7:00.0 Off |                    0 |
| N/A   31C    P0             73W /  400W |       0MiB /  40960MiB |      0%      Default |
|                                         |                        |             Disabled |
+-----------------------------------------+------------------------+----------------------+
                                                                                         
+-----------------------------------------------------------------------------------------+
| Processes:                                                                              |
|  GPU   GI   CI              PID   Type   Process name                        GPU Memory |
|        ID   ID                                                               Usage      |
|=========================================================================================|
|  No running processes found                                                             |
+-----------------------------------------------------------------------------------------+
Using device: cuda
GPU: NVIDIA A100-SXM4-40GB
Missing keys:    ['head.weight', 'head.bias']
Unexpected keys: []
Parameters: 85,723,492
Train: 49,104 images, 100 classes
Val:   5,000 images, 100 classes
Epoch: 0 | Loss: 4.6246 | Acc: 0.0088 | Time: 253.8
Epoch: 1 | Loss: 4.4141 | Acc: 0.0086 | Time: 86.2
Epoch: 2 | Loss: 4.1894 | Acc: 0.0092 | Time: 86.5
Epoch: 3 | Loss: 4.0846 | Acc: 0.0100 | Time: 87.4
Epoch: 4 | Loss: 4.0213 | Acc: 0.0118 | Time: 83.3
Epoch: 5 | Loss: 4.0037 | Acc: 0.0128 | Time: 88.3
Epoch: 6 | Loss: 3.9249 | Acc: 0.0150 | Time: 84.2
Epoch: 7 | Loss: 3.8968 | Acc: 0.0178 | Time: 90.7
Epoch: 8 | Loss: 3.8480 | Acc: 0.0216 | Time: 87.5
Epoch: 9 | Loss: 3.8001 | Acc: 0.0274 | Time: 87.7
Epoch: 10 | Loss: 3.8000 | Acc: 0.0320 | Time: 85.4
Epoch: 11 | Loss: 3.7824 | Acc: 0.0386 | Time: 88.5
Epoch: 12 | Loss: 3.7511 | Acc: 0.0446 | Time: 83.7
Epoch: 13 | Loss: 3.7209 | Acc: 0.0520 | Time: 86.9
Epoch: 14 | Loss: 3.6618 | Acc: 0.0594 | Time: 85.7
Epoch: 15 | Loss: 3.6922 | Acc: 0.0650 | Time: 86.7
Epoch: 16 | Loss: 3.6686 | Acc: 0.0740 | Time: 84.8
Epoch: 17 | Loss: 3.6297 | Acc: 0.0828 | Time: 89.8
Epoch: 18 | Loss: 3.6070 | Acc: 0.0938 | Time: 87.5
Epoch: 19 | Loss: 3.5689 | Acc: 0.1050 | Time: 81.0
Epoch: 20 | Loss: 3.5728 | Acc: 0.1154 | Time: 96.0
Epoch: 21 | Loss: 3.5573 | Acc: 0.1260 | Time: 95.1
Epoch: 22 | Loss: 3.5410 | Acc: 0.1378 | Time: 90.8
Epoch: 23 | Loss: 3.5321 | Acc: 0.1518 | Time: 86.9
Epoch: 24 | Loss: 3.5220 | Acc: 0.1634 | Time: 88.1
Epoch: 25 | Loss: 3.5420 | Acc: 0.1742 | Time: 88.1
Epoch: 26 | Loss: 3.4899 | Acc: 0.1892 | Time: 89.8
Epoch: 27 | Loss: 3.4752 | Acc: 0.1998 | Time: 83.0
Epoch: 28 | Loss: 3.4590 | Acc: 0.2138 | Time: 92.6
Epoch: 29 | Loss: 3.4078 | Acc: 0.2278 | Time: 84.7
Epoch: 30 | Loss: 3.4216 | Acc: 0.2390 | Time: 87.2
Epoch: 31 | Loss: 3.4117 | Acc: 0.2506 | Time: 83.3
Epoch: 32 | Loss: 3.4068 | Acc: 0.2626 | Time: 90.2
Epoch: 33 | Loss: 3.3947 | Acc: 0.2732 | Time: 83.7
Epoch: 34 | Loss: 3.3994 | Acc: 0.2812 | Time: 88.3
Epoch: 35 | Loss: 3.3579 | Acc: 0.2906 | Time: 84.0
Epoch: 36 | Loss: 3.3130 | Acc: 0.2994 | Time: 86.3
Epoch: 37 | Loss: 3.3286 | Acc: 0.3096 | Time: 83.1
Epoch: 38 | Loss: 3.3229 | Acc: 0.3202 | Time: 91.3
Epoch: 39 | Loss: 3.3227 | Acc: 0.3280 | Time: 96.5
Epoch: 40 | Loss: 3.3387 | Acc: 0.3334 | Time: 102.7
Epoch: 41 | Loss: 3.2958 | Acc: 0.3424 | Time: 99.8
Epoch: 42 | Loss: 3.2889 | Acc: 0.3504 | Time: 104.2
Epoch: 43 | Loss: 3.2218 | Acc: 0.3584 | Time: 103.0
Epoch: 44 | Loss: 3.2796 | Acc: 0.3642 | Time: 105.7
Epoch: 45 | Loss: 3.2351 | Acc: 0.3700 | Time: 97.4
Epoch: 46 | Loss: 3.2480 | Acc: 0.3768 | Time: 92.6
Epoch: 47 | Loss: 3.2079 | Acc: 0.3844 | Time: 92.0
Epoch: 48 | Loss: 3.2264 | Acc: 0.3886 | Time: 95.4
Epoch: 49 | Loss: 3.2261 | Acc: 0.3920 | Time: 86.2
Epoch: 50 | Loss: 3.2341 | Acc: 0.3974 | Time: 90.0
Epoch: 51 | Loss: 3.1663 | Acc: 0.4032 | Time: 88.7
Epoch: 52 | Loss: 3.2015 | Acc: 0.4066 | Time: 90.3
Epoch: 53 | Loss: 3.1650 | Acc: 0.4094 | Time: 82.4
Epoch: 54 | Loss: 3.1859 | Acc: 0.4142 | Time: 82.3
Epoch: 55 | Loss: 3.1764 | Acc: 0.4178 | Time: 81.4
Epoch: 56 | Loss: 3.1363 | Acc: 0.4228 | Time: 81.7
Epoch: 57 | Loss: 3.1626 | Acc: 0.4260 | Time: 81.8
Epoch: 58 | Loss: 3.0990 | Acc: 0.4306 | Time: 86.1
Epoch: 59 | Loss: 3.0884 | Acc: 0.4354 | Time: 81.7
Epoch: 60 | Loss: 3.1106 | Acc: 0.4388 | Time: 84.7
Epoch: 61 | Loss: 3.1202 | Acc: 0.4416 | Time: 80.8
Epoch: 62 | Loss: 3.0739 | Acc: 0.4460 | Time: 80.3
Epoch: 63 | Loss: 3.1392 | Acc: 0.4512 | Time: 79.8
Epoch: 64 | Loss: 3.0593 | Acc: 0.4554 | Time: 83.4
Epoch: 65 | Loss: 3.0639 | Acc: 0.4592 | Time: 84.0
Epoch: 66 | Loss: 3.0320 | Acc: 0.4616 | Time: 80.0
Epoch: 67 | Loss: 3.0508 | Acc: 0.4642 | Time: 79.8
Epoch: 68 | Loss: 3.0443 | Acc: 0.4666 | Time: 82.0
Epoch: 69 | Loss: 3.0330 | Acc: 0.4686 | Time: 84.5
Epoch: 70 | Loss: 3.0259 | Acc: 0.4712 | Time: 85.0
Epoch: 71 | Loss: 2.9977 | Acc: 0.4734 | Time: 81.2
Epoch: 72 | Loss: 3.0390 | Acc: 0.4766 | Time: 85.2
Epoch: 73 | Loss: 2.9930 | Acc: 0.4786 | Time: 79.6
Epoch: 74 | Loss: 2.9807 | Acc: 0.4818 | Time: 82.4
Epoch: 75 | Loss: 3.0200 | Acc: 0.4836 | Time: 81.3
Epoch: 76 | Loss: 2.9255 | Acc: 0.4854 | Time: 80.8
Epoch: 77 | Loss: 2.9500 | Acc: 0.4872 | Time: 79.5
Epoch: 78 | Loss: 2.9733 | Acc: 0.4894 | Time: 88.2
Epoch: 79 | Loss: 2.9430 | Acc: 0.4908 | Time: 82.6
Epoch: 80 | Loss: 2.9191 | Acc: 0.4932 | Time: 84.3
Epoch: 81 | Loss: 2.9284 | Acc: 0.4970 | Time: 81.2
Epoch: 82 | Loss: 2.9312 | Acc: 0.4996 | Time: 88.5
Epoch: 83 | Loss: 2.9556 | Acc: 0.5032 | Time: 80.1
Epoch: 84 | Loss: 2.9090 | Acc: 0.5052 | Time: 89.0
Epoch: 85 | Loss: 2.8924 | Acc: 0.5066 | Time: 79.6
Epoch: 86 | Loss: 2.8972 | Acc: 0.5086 | Time: 79.5
Epoch: 87 | Loss: 2.9189 | Acc: 0.5114 | Time: 79.7
Epoch: 88 | Loss: 2.8896 | Acc: 0.5136 | Time: 87.2
Epoch: 89 | Loss: 2.8793 | Acc: 0.5164 | Time: 79.9
Epoch: 90 | Loss: 2.8415 | Acc: 0.5194 | Time: 85.5
Epoch: 91 | Loss: 2.8300 | Acc: 0.5202 | Time: 84.7
Epoch: 92 | Loss: 2.8753 | Acc: 0.5216 | Time: 83.7
Epoch: 93 | Loss: 2.8525 | Acc: 0.5252 | Time: 81.1
Epoch: 94 | Loss: 2.8542 | Acc: 0.5274 | Time: 82.5
Epoch: 95 | Loss: 2.8389 | Acc: 0.5286 | Time: 80.0
Epoch: 96 | Loss: 2.8335 | Acc: 0.5312 | Time: 80.3
Epoch: 97 | Loss: 2.8219 | Acc: 0.5324 | Time: 81.1
Epoch: 98 | Loss: 2.8186 | Acc: 0.5356 | Time: 79.5
Epoch: 99 | Loss: 2.8166 | Acc: 0.5388 | Time: 80.4
Epoch: 100 | Loss: 2.8440 | Acc: 0.5402 | Time: 89.1
Epoch: 101 | Loss: 2.7888 | Acc: 0.5426 | Time: 82.8
Epoch: 102 | Loss: 2.7710 | Acc: 0.5448 | Time: 91.0
Epoch: 103 | Loss: 2.8029 | Acc: 0.5470 | Time: 82.4
Epoch: 104 | Loss: 2.7764 | Acc: 0.5494 | Time: 87.5
Epoch: 105 | Loss: 2.7915 | Acc: 0.5508 | Time: 83.3
Epoch: 106 | Loss: 2.7444 | Acc: 0.5534 | Time: 88.1
Epoch: 107 | Loss: 2.7131 | Acc: 0.5556 | Time: 81.4
Epoch: 108 | Loss: 2.6990 | Acc: 0.5578 | Time: 88.8
Epoch: 109 | Loss: 2.7421 | Acc: 0.5598 | Time: 79.6
Epoch: 110 | Loss: 2.6838 | Acc: 0.5624 | Time: 81.7
Epoch: 111 | Loss: 2.7586 | Acc: 0.5646 | Time: 81.1
Epoch: 112 | Loss: 2.7267 | Acc: 0.5660 | Time: 84.3
Epoch: 113 | Loss: 2.7145 | Acc: 0.5676 | Time: 80.6
Epoch: 114 | Loss: 2.7309 | Acc: 0.5710 | Time: 80.0
Epoch: 115 | Loss: 2.7124 | Acc: 0.5730 | Time: 80.4
Epoch: 116 | Loss: 2.6741 | Acc: 0.5754 | Time: 79.5
Epoch: 117 | Loss: 2.6822 | Acc: 0.5774 | Time: 81.2
Epoch: 118 | Loss: 2.7265 | Acc: 0.5788 | Time: 79.6
Epoch: 119 | Loss: 2.6882 | Acc: 0.5822 | Time: 79.8
Epoch: 120 | Loss: 2.6566 | Acc: 0.5864 | Time: 80.1
Epoch: 121 | Loss: 2.6558 | Acc: 0.5892 | Time: 79.3
Epoch: 122 | Loss: 2.6189 | Acc: 0.5914 | Time: 79.6
Epoch: 123 | Loss: 2.6426 | Acc: 0.5934 | Time: 84.5
Epoch: 124 | Loss: 2.6449 | Acc: 0.5952 | Time: 84.2
Epoch: 125 | Loss: 2.6587 | Acc: 0.5976 | Time: 82.1
Epoch: 126 | Loss: 2.6128 | Acc: 0.6010 | Time: 79.5
Epoch: 127 | Loss: 2.6101 | Acc: 0.6026 | Time: 80.3
Epoch: 128 | Loss: 2.6239 | Acc: 0.6046 | Time: 83.2
Epoch: 129 | Loss: 2.6039 | Acc: 0.6076 | Time: 79.4
Epoch: 130 | Loss: 2.6225 | Acc: 0.6108 | Time: 82.0
Epoch: 131 | Loss: 2.6629 | Acc: 0.6122 | Time: 81.0
Epoch: 132 | Loss: 2.6173 | Acc: 0.6146 | Time: 79.4
Epoch: 133 | Loss: 2.6205 | Acc: 0.6164 | Time: 79.7
Epoch: 134 | Loss: 2.6016 | Acc: 0.6196 | Time: 82.9
Epoch: 135 | Loss: 2.5647 | Acc: 0.6210 | Time: 84.4
Epoch: 136 | Loss: 2.5371 | Acc: 0.6230 | Time: 80.5
Epoch: 137 | Loss: 2.5574 | Acc: 0.6238 | Time: 80.4
Epoch: 138 | Loss: 2.5908 | Acc: 0.6260 | Time: 79.8
Epoch: 139 | Loss: 2.5849 | Acc: 0.6290 | Time: 79.6
Epoch: 140 | Loss: 2.5793 | Acc: 0.6308 | Time: 79.4
Epoch: 141 | Loss: 2.5689 | Acc: 0.6326 | Time: 80.1
Epoch: 142 | Loss: 2.5758 | Acc: 0.6346 | Time: 80.0
Epoch: 143 | Loss: 2.5933 | Acc: 0.6368 | Time: 79.7
Epoch: 144 | Loss: 2.5413 | Acc: 0.6390 | Time: 79.9
Epoch: 145 | Loss: 2.5115 | Acc: 0.6406 | Time: 82.6
Epoch: 146 | Loss: 2.5967 | Acc: 0.6422 | Time: 84.6
Epoch: 147 | Loss: 2.5491 | Acc: 0.6446 | Time: 81.3
Epoch: 148 | Loss: 2.5345 | Acc: 0.6468 | Time: 82.8
Epoch: 149 | Loss: 2.5340 | Acc: 0.6488 | Time: 82.3
Epoch: 150 | Loss: 2.5648 | Acc: 0.6506 | Time: 79.5
Epoch: 151 | Loss: 2.5366 | Acc: 0.6526 | Time: 79.7
Epoch: 152 | Loss: 2.5117 | Acc: 0.6548 | Time: 82.4
Epoch: 153 | Loss: 2.5480 | Acc: 0.6568 | Time: 79.8
Epoch: 154 | Loss: 2.5147 | Acc: 0.6582 | Time: 82.1
Epoch: 155 | Loss: 2.5132 | Acc: 0.6612 | Time: 80.3
Epoch: 156 | Loss: 2.4976 | Acc: 0.6632 | Time: 82.2
Epoch: 157 | Loss: 2.4957 | Acc: 0.6662 | Time: 84.1
Epoch: 158 | Loss: 2.4613 | Acc: 0.6682 | Time: 80.8
Epoch: 159 | Loss: 2.4781 | Acc: 0.6702 | Time: 79.9
Epoch: 160 | Loss: 2.4460 | Acc: 0.6740 | Time: 79.8
Epoch: 161 | Loss: 2.4818 | Acc: 0.6754 | Time: 80.1
Epoch: 162 | Loss: 2.4915 | Acc: 0.6770 | Time: 80.2
Epoch: 163 | Loss: 2.4876 | Acc: 0.6784 | Time: 80.1
Epoch: 164 | Loss: 2.5028 | Acc: 0.6810 | Time: 79.7
Epoch: 165 | Loss: 2.4397 | Acc: 0.6844 | Time: 79.9
Epoch: 166 | Loss: 2.4828 | Acc: 0.6868 | Time: 85.9
Epoch: 167 | Loss: 2.4763 | Acc: 0.6884 | Time: 87.3
Epoch: 168 | Loss: 2.4739 | Acc: 0.6902 | Time: 89.6
Epoch: 169 | Loss: 2.4613 | Acc: 0.6916 | Time: 82.6
Epoch: 170 | Loss: 2.4869 | Acc: 0.6946 | Time: 82.6
Epoch: 171 | Loss: 2.4454 | Acc: 0.6968 | Time: 82.4
Epoch: 172 | Loss: 2.4923 | Acc: 0.6994 | Time: 83.4
Epoch: 173 | Loss: 2.4006 | Acc: 0.7016 | Time: 83.1
Epoch: 174 | Loss: 2.4040 | Acc: 0.7036 | Time: 85.0
Epoch: 175 | Loss: 2.4126 | Acc: 0.7046 | Time: 84.4
Epoch: 176 | Loss: 2.4593 | Acc: 0.7062 | Time: 84.6
Epoch: 177 | Loss: 2.4461 | Acc: 0.7078 | Time: 82.9
Epoch: 178 | Loss: 2.4269 | Acc: 0.7092 | Time: 89.1
Epoch: 179 | Loss: 2.4402 | Acc: 0.7102 | Time: 88.2
Epoch: 180 | Loss: 2.4346 | Acc: 0.7122 | Time: 86.6
Epoch: 181 | Loss: 2.4098 | Acc: 0.7132 | Time: 83.9
Epoch: 182 | Loss: 2.4238 | Acc: 0.7152 | Time: 84.5
Epoch: 183 | Loss: 2.4398 | Acc: 0.7176 | Time: 82.0
Epoch: 184 | Loss: 2.4044 | Acc: 0.7190 | Time: 84.3
Epoch: 185 | Loss: 2.4623 | Acc: 0.7204 | Time: 81.4
Epoch: 186 | Loss: 2.4177 | Acc: 0.7216 | Time: 83.9
Epoch: 187 | Loss: 2.4385 | Acc: 0.7232 | Time: 82.2
Epoch: 188 | Loss: 2.4192 | Acc: 0.7250 | Time: 84.3
Epoch: 189 | Loss: 2.4244 | Acc: 0.7252 | Time: 85.3
Epoch: 190 | Loss: 2.4291 | Acc: 0.7272 | Time: 84.1
Epoch: 191 | Loss: 2.4212 | Acc: 0.7296 | Time: 84.0
Epoch: 192 | Loss: 2.4365 | Acc: 0.7310 | Time: 83.7
Epoch: 193 | Loss: 2.4448 | Acc: 0.7328 | Time: 82.7
Epoch: 194 | Loss: 2.4180 | Acc: 0.7338 | Time: 82.5
Epoch: 195 | Loss: 2.4314 | Acc: 0.7348 | Time: 82.1
Epoch: 196 | Loss: 2.4479 | Acc: 0.7364 | Time: 79.7
Epoch: 197 | Loss: 2.4244 | Acc: 0.7374 | Time: 80.7
Epoch: 198 | Loss: 2.4172 | Acc: 0.7384 | Time: 81.3
Epoch: 199 | Loss: 2.4235 | Acc: 0.7392 | Time: 84.7
Saved model to vit-b_mae.pt
